Archive member included to satisfy reference by file (symbol)

c:/st/stm32cubeide_1.5.0/stm32cubeide/plugins/com.st.stm32cube.ide.mcu.externaltools.gnu-tools-for-stm32.9-2020-q2-update.win32_1.5.0.202011040924/tools/bin/../lib/gcc/arm-none-eabi/9.3.1/../../../../arm-none-eabi/lib/thumb/v7e-m+fp/hard\libc_nano.a(lib_a-errno.o)
                              Core/Src/syscalls.o (__errno)
c:/st/stm32cubeide_1.5.0/stm32cubeide/plugins/com.st.stm32cube.ide.mcu.externaltools.gnu-tools-for-stm32.9-2020-q2-update.win32_1.5.0.202011040924/tools/bin/../lib/gcc/arm-none-eabi/9.3.1/../../../../arm-none-eabi/lib/thumb/v7e-m+fp/hard\libc_nano.a(lib_a-exit.o)
                              c:/st/stm32cubeide_1.5.0/stm32cubeide/plugins/com.st.stm32cube.ide.mcu.externaltools.gnu-tools-for-stm32.9-2020-q2-update.win32_1.5.0.202011040924/tools/bin/../lib/gcc/arm-none-eabi/9.3.1/../../../../arm-none-eabi/lib/thumb/v7e-m+fp/hard/crt0.o (exit)
c:/st/stm32cubeide_1.5.0/stm32cubeide/plugins/com.st.stm32cube.ide.mcu.externaltools.gnu-tools-for-stm32.9-2020-q2-update.win32_1.5.0.202011040924/tools/bin/../lib/gcc/arm-none-eabi/9.3.1/../../../../arm-none-eabi/lib/thumb/v7e-m+fp/hard\libc_nano.a(lib_a-impure.o)
                              c:/st/stm32cubeide_1.5.0/stm32cubeide/plugins/com.st.stm32cube.ide.mcu.externaltools.gnu-tools-for-stm32.9-2020-q2-update.win32_1.5.0.202011040924/tools/bin/../lib/gcc/arm-none-eabi/9.3.1/../../../../arm-none-eabi/lib/thumb/v7e-m+fp/hard\libc_nano.a(lib_a-exit.o) (_global_impure_ptr)
c:/st/stm32cubeide_1.5.0/stm32cubeide/plugins/com.st.stm32cube.ide.mcu.externaltools.gnu-tools-for-stm32.9-2020-q2-update.win32_1.5.0.202011040924/tools/bin/../lib/gcc/arm-none-eabi/9.3.1/../../../../arm-none-eabi/lib/thumb/v7e-m+fp/hard\libc_nano.a(lib_a-init.o)
                              c:/st/stm32cubeide_1.5.0/stm32cubeide/plugins/com.st.stm32cube.ide.mcu.externaltools.gnu-tools-for-stm32.9-2020-q2-update.win32_1.5.0.202011040924/tools/bin/../lib/gcc/arm-none-eabi/9.3.1/../../../../arm-none-eabi/lib/thumb/v7e-m+fp/hard/crt0.o (__libc_init_array)
c:/st/stm32cubeide_1.5.0/stm32cubeide/plugins/com.st.stm32cube.ide.mcu.externaltools.gnu-tools-for-stm32.9-2020-q2-update.win32_1.5.0.202011040924/tools/bin/../lib/gcc/arm-none-eabi/9.3.1/../../../../arm-none-eabi/lib/thumb/v7e-m+fp/hard\libc_nano.a(lib_a-memcpy-stub.o)
                              USB_DEVICE/App/usbd_cdc_if.o (memcpy)
c:/st/stm32cubeide_1.5.0/stm32cubeide/plugins/com.st.stm32cube.ide.mcu.externaltools.gnu-tools-for-stm32.9-2020-q2-update.win32_1.5.0.202011040924/tools/bin/../lib/gcc/arm-none-eabi/9.3.1/../../../../arm-none-eabi/lib/thumb/v7e-m+fp/hard\libc_nano.a(lib_a-memset.o)
                              c:/st/stm32cubeide_1.5.0/stm32cubeide/plugins/com.st.stm32cube.ide.mcu.externaltools.gnu-tools-for-stm32.9-2020-q2-update.win32_1.5.0.202011040924/tools/bin/../lib/gcc/arm-none-eabi/9.3.1/../../../../arm-none-eabi/lib/thumb/v7e-m+fp/hard/crt0.o (memset)
c:/st/stm32cubeide_1.5.0/stm32cubeide/plugins/com.st.stm32cube.ide.mcu.externaltools.gnu-tools-for-stm32.9-2020-q2-update.win32_1.5.0.202011040924/tools/bin/../lib/gcc/arm-none-eabi/9.3.1/../../../../arm-none-eabi/lib/thumb/v7e-m+fp/hard\libc_nano.a(lib_a-nano-vfprintf_float.o)
                              (_printf_float)
c:/st/stm32cubeide_1.5.0/stm32cubeide/plugins/com.st.stm32cube.ide.mcu.externaltools.gnu-tools-for-stm32.9-2020-q2-update.win32_1.5.0.202011040924/tools/bin/../lib/gcc/arm-none-eabi/9.3.1/../../../../arm-none-eabi/lib/thumb/v7e-m+fp/hard\libc_nano.a(lib_a-nano-vfprintf_i.o)
                              c:/st/stm32cubeide_1.5.0/stm32cubeide/plugins/com.st.stm32cube.ide.mcu.externaltools.gnu-tools-for-stm32.9-2020-q2-update.win32_1.5.0.202011040924/tools/bin/../lib/gcc/arm-none-eabi/9.3.1/../../../../arm-none-eabi/lib/thumb/v7e-m+fp/hard\libc_nano.a(lib_a-nano-vfprintf_float.o) (_printf_common)
c:/st/stm32cubeide_1.5.0/stm32cubeide/plugins/com.st.stm32cube.ide.mcu.externaltools.gnu-tools-for-stm32.9-2020-q2-update.win32_1.5.0.202011040924/tools/bin/../lib/gcc/arm-none-eabi/9.3.1/../../../../arm-none-eabi/lib/thumb/v7e-m+fp/hard\libc_nano.a(lib_a-printf.o)
                              Core/Src/espresso.o (printf)
c:/st/stm32cubeide_1.5.0/stm32cubeide/plugins/com.st.stm32cube.ide.mcu.externaltools.gnu-tools-for-stm32.9-2020-q2-update.win32_1.5.0.202011040924/tools/bin/../lib/gcc/arm-none-eabi/9.3.1/../../../../arm-none-eabi/lib/thumb/v7e-m+fp/hard\libc_nano.a(lib_a-strlen.o)
                              c:/st/stm32cubeide_1.5.0/stm32cubeide/plugins/com.st.stm32cube.ide.mcu.externaltools.gnu-tools-for-stm32.9-2020-q2-update.win32_1.5.0.202011040924/tools/bin/../lib/gcc/arm-none-eabi/9.3.1/../../../../arm-none-eabi/lib/thumb/v7e-m+fp/hard\libc_nano.a(lib_a-nano-vfprintf_float.o) (strlen)
[...]
Memory Configuration

Name             Origin             Length             Attributes
RAM              0x0000000020000000 0x0000000000020000 xrw
FLASH            0x0000000008000000 0x0000000000080000 xr
*default*        0x0000000000000000 0xffffffffffffffff

Linker script and memory map

LOAD c:/st/stm32cubeide_1.5.0/stm32cubeide/plugins/com.st.stm32cube.ide.mcu.externaltools.gnu-tools-for-stm32.9-2020-q2-update.win32_1.5.0.202011040924/tools/bin/../lib/gcc/arm-none-eabi/9.3.1/thumb/v7e-m+fp/hard/crti.o
LOAD c:/st/stm32cubeide_1.5.0/stm32cubeide/plugins/com.st.stm32cube.ide.mcu.externaltools.gnu-tools-for-stm32.9-2020-q2-update.win32_1.5.0.202011040924/tools/bin/../lib/gcc/arm-none-eabi/9.3.1/thumb/v7e-m+fp/hard/crtbegin.o
LOAD c:/st/stm32cubeide_1.5.0/stm32cubeide/plugins/com.st.stm32cube.ide.mcu.externaltools.gnu-tools-for-stm32.9-2020-q2-update.win32_1.5.0.202011040924/tools/bin/../lib/gcc/arm-none-eabi/9.3.1/../../../../arm-none-eabi/lib/thumb/v7e-m+fp/hard/crt0.o
LOAD Core/Src/adc.o
LOAD Core/Src/can.o
LOAD Core/Src/espresso.o
LOAD Core/Src/flash_writer.o
LOAD Core/Src/gpio.o
LOAD Core/Src/main.o
LOAD Core/Src/math_ops.o
LOAD Core/Src/preference_writer.o
LOAD Core/Src/spi.o
LOAD Core/Src/stm32f4xx_flash.o
LOAD Core/Src/stm32f4xx_hal_msp.o
LOAD Core/Src/stm32f4xx_it.o
LOAD Core/Src/syscalls.o
LOAD Core/Src/sysmem.o
LOAD Core/Src/system_stm32f4xx.o
LOAD Core/Src/tim.o
LOAD Core/Src/usart.o
LOAD Core/Src/usb_comm.o
LOAD Core/Startup/startup_stm32f446retx.o
LOAD Drivers/STM32F4xx_HAL_Driver/Src/stm32f4xx_hal.o
LOAD Drivers/STM32F4xx_HAL_Driver/Src/stm32f4xx_hal_adc.o
LOAD Drivers/STM32F4xx_HAL_Driver/Src/stm32f4xx_hal_adc_ex.o
LOAD Drivers/STM32F4xx_HAL_Driver/Src/stm32f4xx_hal_can.o
LOAD Drivers/STM32F4xx_HAL_Driver/Src/stm32f4xx_hal_cortex.o
LOAD Drivers/STM32F4xx_HAL_Driver/Src/stm32f4xx_hal_dma.o
LOAD Drivers/STM32F4xx_HAL_Driver/Src/stm32f4xx_hal_dma_ex.o
LOAD Drivers/STM32F4xx_HAL_Driver/Src/stm32f4xx_hal_exti.o
LOAD Drivers/STM32F4xx_HAL_Driver/Src/stm32f4xx_hal_flash.o
LOAD Drivers/STM32F4xx_HAL_Driver/Src/stm32f4xx_hal_flash_ex.o
LOAD Drivers/STM32F4xx_HAL_Driver/Src/stm32f4xx_hal_flash_ramfunc.o
LOAD Drivers/STM32F4xx_HAL_Driver/Src/stm32f4xx_hal_gpio.o
LOAD Drivers/STM32F4xx_HAL_Driver/Src/stm32f4xx_hal_pcd.o
LOAD Drivers/STM32F4xx_HAL_Driver/Src/stm32f4xx_hal_pcd_ex.o
LOAD Drivers/STM32F4xx_HAL_Driver/Src/stm32f4xx_hal_pwr.o
LOAD Drivers/STM32F4xx_HAL_Driver/Src/stm32f4xx_hal_pwr_ex.o
LOAD Drivers/STM32F4xx_HAL_Driver/Src/stm32f4xx_hal_rcc.o
LOAD Drivers/STM32F4xx_HAL_Driver/Src/stm32f4xx_hal_rcc_ex.o
LOAD Drivers/STM32F4xx_HAL_Driver/Src/stm32f4xx_hal_spi.o
LOAD Drivers/STM32F4xx_HAL_Driver/Src/stm32f4xx_hal_tim.o
LOAD Drivers/STM32F4xx_HAL_Driver/Src/stm32f4xx_hal_tim_ex.o
LOAD Drivers/STM32F4xx_HAL_Driver/Src/stm32f4xx_hal_uart.o
LOAD Drivers/STM32F4xx_HAL_Driver/Src/stm32f4xx_ll_adc.o
LOAD Drivers/STM32F4xx_HAL_Driver/Src/stm32f4xx_ll_usb.o
LOAD Middlewares/ST/STM32_USB_Device_Library/Class/CDC/Src/usbd_cdc.o
LOAD Middlewares/ST/STM32_USB_Device_Library/Core/Src/usbd_core.o
LOAD Middlewares/ST/STM32_USB_Device_Library/Core/Src/usbd_ctlreq.o
LOAD Middlewares/ST/STM32_USB_Device_Library/Core/Src/usbd_ioreq.o
LOAD USB_DEVICE/App/usb_device.o
LOAD USB_DEVICE/App/usbd_cdc_if.o
LOAD USB_DEVICE/App/usbd_desc.o
LOAD USB_DEVICE/Target/usbd_conf.o
START GROUP
LOAD c:/st/stm32cubeide_1.5.0/stm32cubeide/plugins/com.st.stm32cube.ide.mcu.externaltools.gnu-tools-for-stm32.9-2020-q2-update.win32_1.5.0.202011040924/tools/bin/../lib/gcc/arm-none-eabi/9.3.1/../../../../arm-none-eabi/lib/thumb/v7e-m+fp/hard\libc_nano.a
LOAD c:/st/stm32cubeide_1.5.0/stm32cubeide/plugins/com.st.stm32cube.ide.mcu.externaltools.gnu-tools-for-stm32.9-2020-q2-update.win32_1.5.0.202011040924/tools/bin/../lib/gcc/arm-none-eabi/9.3.1/../../../../arm-none-eabi/lib/thumb/v7e-m+fp/hard\libm.a
END GROUP
START GROUP
LOAD c:/st/stm32cubeide_1.5.0/stm32cubeide/plugins/com.st.stm32cube.ide.mcu.externaltools.gnu-tools-for-stm32.9-2020-q2-update.win32_1.5.0.202011040924/tools/bin/../lib/gcc/arm-none-eabi/9.3.1/thumb/v7e-m+fp/hard\libgcc.a
LOAD c:/st/stm32cubeide_1.5.0/stm32cubeide/plugins/com.st.stm32cube.ide.mcu.externaltools.gnu-tools-for-stm32.9-2020-q2-update.win32_1.5.0.202011040924/tools/bin/../lib/gcc/arm-none-eabi/9.3.1/../../../../arm-none-eabi/lib/thumb/v7e-m+fp/hard\libc_nano.a
END GROUP
START GROUP
LOAD c:/st/stm32cubeide_1.5.0/stm32cubeide/plugins/com.st.stm32cube.ide.mcu.externaltools.gnu-tools-for-stm32.9-2020-q2-update.win32_1.5.0.202011040924/tools/bin/../lib/gcc/arm-none-eabi/9.3.1/thumb/v7e-m+fp/hard\libgcc.a
LOAD c:/st/stm32cubeide_1.5.0/stm32cubeide/plugins/com.st.stm32cube.ide.mcu.externaltools.gnu-tools-for-stm32.9-2020-q2-update.win32_1.5.0.202011040924/tools/bin/../lib/gcc/arm-none-eabi/9.3.1/../../../../arm-none-eabi/lib/thumb/v7e-m+fp/hard\libc_nano.a
LOAD c:/st/stm32cubeide_1.5.0/stm32cubeide/plugins/com.st.stm32cube.ide.mcu.externaltools.gnu-tools-for-stm32.9-2020-q2-update.win32_1.5.0.202011040924/tools/bin/../lib/gcc/arm-none-eabi/9.3.1/../../../../arm-none-eabi/lib/thumb/v7e-m+fp/hard\libnosys.a
END GROUP
START GROUP
LOAD c:/st/stm32cubeide_1.5.0/stm32cubeide/plugins/com.st.stm32cube.ide.mcu.externaltools.gnu-tools-for-stm32.9-2020-q2-update.win32_1.5.0.202011040924/tools/bin/../lib/gcc/arm-none-eabi/9.3.1/thumb/v7e-m+fp/hard\libgcc.a
LOAD c:/st/stm32cubeide_1.5.0/stm32cubeide/plugins/com.st.stm32cube.ide.mcu.externaltools.gnu-tools-for-stm32.9-2020-q2-update.win32_1.5.0.202011040924/tools/bin/../lib/gcc/arm-none-eabi/9.3.1/../../../../arm-none-eabi/lib/thumb/v7e-m+fp/hard\libc_nano.a
LOAD c:/st/stm32cubeide_1.5.0/stm32cubeide/plugins/com.st.stm32cube.ide.mcu.externaltools.gnu-tools-for-stm32.9-2020-q2-update.win32_1.5.0.202011040924/tools/bin/../lib/gcc/arm-none-eabi/9.3.1/../../../../arm-none-eabi/lib/thumb/v7e-m+fp/hard\libnosys.a
END GROUP
LOAD c:/st/stm32cubeide_1.5.0/stm32cubeide/plugins/com.st.stm32cube.ide.mcu.externaltools.gnu-tools-for-stm32.9-2020-q2-update.win32_1.5.0.202011040924/tools/bin/../lib/gcc/arm-none-eabi/9.3.1/thumb/v7e-m+fp/hard/crtend.o
LOAD c:/st/stm32cubeide_1.5.0/stm32cubeide/plugins/com.st.stm32cube.ide.mcu.externaltools.gnu-tools-for-stm32.9-2020-q2-update.win32_1.5.0.202011040924/tools/bin/../lib/gcc/arm-none-eabi/9.3.1/thumb/v7e-m+fp/hard/crtn.o
                0x0000000020020000                _estack = (ORIGIN (RAM) + LENGTH (RAM))
                0x0000000000000200                _Min_Heap_Size = 0x200
                0x0000000000000400                _Min_Stack_Size = 0x400

.isr_vector     0x0000000008000000      0x1c4
                0x0000000008000000                . = ALIGN (0x4)
 *(.isr_vector)
 .isr_vector    0x0000000008000000      0x1c4 Core/Startup/startup_stm32f446retx.o
                0x0000000008000000                g_pfnVectors
                0x00000000080001c4                . = ALIGN (0x4)

.text           0x00000000080001d0     0x9588
                0x00000000080001d0                . = ALIGN (0x4)
 *(.text)
 .text          0x00000000080001d0       0x40 c:/st/stm32cubeide_1.5.0/stm32cubeide/plugins/com.st.stm32cube.ide.mcu.externaltools.gnu-tools-for-stm32.9-2020-q2-update.win32_1.5.0.202011040924/tools/bin/../lib/gcc/arm-none-eabi/9.3.1/thumb/v7e-m+fp/hard/crtbegin.o
 .text          0x0000000008000210       0x10 c:/st/stm32cubeide_1.5.0/stm32cubeide/plugins/com.st.stm32cube.ide.mcu.externaltools.gnu-tools-for-stm32.9-2020-q2-update.win32_1.5.0.202011040924/tools/bin/../lib/gcc/arm-none-eabi/9.3.1/../../../../arm-none-eabi/lib/thumb/v7e-m+fp/hard\libc_nano.a(lib_a-strlen.o)
                0x0000000008000210                strlen
 .text          0x0000000008000220       0xa0 c:/st/stm32cubeide_1.5.0/stm32cubeide/plugins/com.st.stm32cube.ide.mcu.externaltools.gnu-tools-for-stm32.9-2020-q2-update.win32_1.5.0.202011040924/tools/bin/../lib/gcc/arm-none-eabi/9.3.1/../../../../arm-none-eabi/lib/thumb/v7e-m+fp/hard\libc_nano.a(lib_a-memchr.o)
                0x0000000008000220                memchr
 .text          0x00000000080002c0      0x378 c:/st/stm32cubeide_1.5.0/stm32cubeide/plugins/com.st.stm32cube.ide.mcu.externaltools.gnu-tools-for-stm32.9-2020-q2-update.win32_1.5.0.202011040924/tools/bin/../lib/gcc/arm-none-eabi/9.3.1/thumb/v7e-m+fp/hard\libgcc.a(_arm_addsubdf3.o)
                0x00000000080002c0                __aeabi_drsub
                0x00000000080002c8                __aeabi_dsub
                0x00000000080002c8                __subdf3
                0x00000000080002cc                __aeabi_dadd
                0x00000000080002cc                __adddf3
                0x0000000008000544                __floatunsidf
                0x0000000008000544                __aeabi_ui2d
                0x0000000008000564                __floatsidf
                0x0000000008000564                __aeabi_i2d
                0x0000000008000588                __aeabi_f2d
                0x0000000008000588                __extendsfdf2
                0x00000000080005cc                __floatundidf
                0x00000000080005cc                __aeabi_ul2d
                0x00000000080005dc                __floatdidf
                0x00000000080005dc                __aeabi_l2d
 .text          0x0000000008000638      0x424 c:/st/stm32cubeide_1.5.0/stm32cubeide/plugins/com.st.stm32cube.ide.mcu.externaltools.gnu-tools-for-stm32.9-2020-q2-update.win32_1.5.0.202011040924/tools/bin/../lib/gcc/arm-none-eabi/9.3.1/thumb/v7e-m+fp/hard\libgcc.a(_arm_muldivdf3.o)
                0x0000000008000638                __aeabi_dmul
                0x0000000008000638                __muldf3
                0x000000000800088c                __divdf3
                0x000000000800088c                __aeabi_ddiv
 .text          0x0000000008000a5c      0x110 c:/st/stm32cubeide_1.5.0/stm32cubeide/plugins/com.st.stm32cube.ide.mcu.externaltools.gnu-tools-for-stm32.9-2020-q2-update.win32_1.5.0.202011040924/tools/bin/../lib/gcc/arm-none-eabi/9.3.1/thumb/v7e-m+fp/hard\libgcc.a(_arm_cmpdf2.o)
                0x0000000008000a5c                __gtdf2
                0x0000000008000a5c                __gedf2
                0x0000000008000a64                __ltdf2
                0x0000000008000a64                __ledf2
                0x0000000008000a6c                __nedf2
                0x0000000008000a6c                __eqdf2
                0x0000000008000a6c                __cmpdf2
                0x0000000008000ae8                __aeabi_cdrcmple
                0x0000000008000af8                __aeabi_cdcmpeq
                0x0000000008000af8                __aeabi_cdcmple
                0x0000000008000b08                __aeabi_dcmpeq
                0x0000000008000b1c                __aeabi_dcmplt
                0x0000000008000b30                __aeabi_dcmple
                0x0000000008000b44                __aeabi_dcmpge
                0x0000000008000b58                __aeabi_dcmpgt
 .text          0x0000000008000b6c       0x2c c:/st/stm32cubeide_1.5.0/stm32cubeide/plugins/com.st.stm32cube.ide.mcu.externaltools.gnu-tools-for-stm32.9-2020-q2-update.win32_1.5.0.202011040924/tools/bin/../lib/gcc/arm-none-eabi/9.3.1/thumb/v7e-m+fp/hard\libgcc.a(_arm_unorddf2.o)
                0x0000000008000b6c                __unorddf2
                0x0000000008000b6c                __aeabi_dcmpun
 .text          0x0000000008000b98       0x50 c:/st/stm32cubeide_1.5.0/stm32cubeide/plugins/com.st.stm32cube.ide.mcu.externaltools.gnu-tools-for-stm32.9-2020-q2-update.win32_1.5.0.202011040924/tools/bin/../lib/gcc/arm-none-eabi/9.3.1/thumb/v7e-m+fp/hard\libgcc.a(_arm_fixdfsi.o)
                0x0000000008000b98                __aeabi_d2iz
                0x0000000008000b98                __fixdfsi
 .text          0x0000000008000be8       0xa0 c:/st/stm32cubeide_1.5.0/stm32cubeide/plugins/com.st.stm32cube.ide.mcu.externaltools.gnu-tools-for-stm32.9-2020-q2-update.win32_1.5.0.202011040924/tools/bin/../lib/gcc/arm-none-eabi/9.3.1/thumb/v7e-m+fp/hard\libgcc.a(_arm_truncdfsf2.o)
                0x0000000008000be8                __truncdfsf2
                0x0000000008000be8                __aeabi_d2f
 .text          0x0000000008000c88       0x30 c:/st/stm32cubeide_1.5.0/stm32cubeide/plugins/com.st.stm32cube.ide.mcu.externaltools.gnu-tools-for-stm32.9-2020-q2-update.win32_1.5.0.202011040924/tools/bin/../lib/gcc/arm-none-eabi/9.3.1/thumb/v7e-m+fp/hard\libgcc.a(_aeabi_uldivmod.o)
                0x0000000008000c88                __aeabi_uldivmod
 .text          0x0000000008000cb8      0x2c4 c:/st/stm32cubeide_1.5.0/stm32cubeide/plugins/com.st.stm32cube.ide.mcu.externaltools.gnu-tools-for-stm32.9-2020-q2-update.win32_1.5.0.202011040924/tools/bin/../lib/gcc/arm-none-eabi/9.3.1/thumb/v7e-m+fp/hard\libgcc.a(_udivmoddi4.o)
                0x0000000008000cb8                __udivmoddi4
 .text          0x0000000008000f7c        0x4 c:/st/stm32cubeide_1.5.0/stm32cubeide/plugins/com.st.stm32cube.ide.mcu.externaltools.gnu-tools-for-stm32.9-2020-q2-update.win32_1.5.0.202011040924/tools/bin/../lib/gcc/arm-none-eabi/9.3.1/thumb/v7e-m+fp/hard\libgcc.a(_dvmd_tls.o)
                0x0000000008000f7c                __aeabi_idiv0
                0x0000000008000f7c                __aeabi_ldiv0
 *(.text*)
 .text.MX_ADC1_Init
                0x0000000008000f80       0x88 Core/Src/adc.o
                0x0000000008000f80                MX_ADC1_Init
 .text.MX_ADC2_Init
                0x0000000008001008       0x5c Core/Src/adc.o
                0x0000000008001008                MX_ADC2_Init
 .text.MX_ADC3_Init
                0x0000000008001064       0x5c Core/Src/adc.o
                0x0000000008001064                MX_ADC3_Init
 .text.HAL_ADC_MspInit
                0x00000000080010c0       0xec Core/Src/adc.o
                0x00000000080010c0                HAL_ADC_MspInit
 .text.MX_CAN1_Init
                0x00000000080011ac       0x3c Core/Src/can.o
                0x00000000080011ac                MX_CAN1_Init
 .text.HAL_CAN_MspInit
                0x00000000080011e8       0x70 Core/Src/can.o
                0x00000000080011e8                HAL_CAN_MspInit
 .text.can_rx_init
                0x0000000008001258       0x28 Core/Src/can.o
                0x0000000008001258                can_rx_init
 .text.can_tx_init
                0x0000000008001280       0x10 Core/Src/can.o
                0x0000000008001280                can_tx_init
 .text.pack_cmd
                0x0000000008001290      0x170 Core/Src/can.o
                0x0000000008001290                pack_cmd
 .text.unpack_reply
                0x0000000008001400       0x94 Core/Src/can.o
                0x0000000008001400                unpack_reply
 .text.update_commands
                0x0000000008001494       0x36 Core/Src/espresso.o
                0x0000000008001494                update_commands
 *fill*         0x00000000080014ca        0x2 
 .text.spi_sample
                0x00000000080014cc      0x140 Core/Src/espresso.o
                0x00000000080014cc                spi_sample
 .text.can_sample
                0x000000000800160c       0x7c Core/Src/espresso.o
                0x000000000800160c                can_sample
 .text.pump_enable
                0x0000000008001688       0x34 Core/Src/espresso.o
                0x0000000008001688                pump_enable
 .text.pressure_control
                0x00000000080016bc      0x178 Core/Src/espresso.o
                0x00000000080016bc                pressure_control
 .text.update_flow_est
                0x0000000008001834       0x98 Core/Src/espresso.o
                0x0000000008001834                update_flow_est
 .text.flow_control
                0x00000000080018cc       0x28 Core/Src/espresso.o
                0x00000000080018cc                flow_control
 .text.pump_control
                0x00000000080018f4       0x54 Core/Src/espresso.o
                0x00000000080018f4                pump_control
 .text.group_temp_control
                0x0000000008001948       0xd4 Core/Src/espresso.o
                0x0000000008001948                group_temp_control
 .text.set_valves
                0x0000000008001a1c       0x3c Core/Src/espresso.o
                0x0000000008001a1c                set_valves
 .text.calc_ntc_temp
                0x0000000008001a58       0x34 Core/Src/espresso.o
                0x0000000008001a58                calc_ntc_temp
 .text.analog_sample
                0x0000000008001a8c      0x11c Core/Src/espresso.o
                0x0000000008001a8c                analog_sample
 .text.zero_sensors
                0x0000000008001ba8       0x24 Core/Src/espresso.o
                0x0000000008001ba8                zero_sensors
 .text.MX_GPIO_Init
                0x0000000008001bcc       0xf4 Core/Src/gpio.o
                0x0000000008001bcc                MX_GPIO_Init
 .text.SystemClock_Config
                0x0000000008001cc0       0xdc Core/Src/main.o
                0x0000000008001cc0                SystemClock_Config
 .text.startup.main
                0x0000000008001d9c       0xe8 Core/Src/main.o
                0x0000000008001d9c                main
 .text.Error_Handler
                0x0000000008001e84        0x4 Core/Src/main.o
                0x0000000008001e84                Error_Handler
 .text.fast_fmaxf
                0x0000000008001e88       0x10 Core/Src/math_ops.o
                0x0000000008001e88                fast_fmaxf
 .text.fast_fminf
                0x0000000008001e98       0x10 Core/Src/math_ops.o
                0x0000000008001e98                fast_fminf
 .text.float_to_uint
                0x0000000008001ea8       0x2a Core/Src/math_ops.o
                0x0000000008001ea8                float_to_uint
 .text.uint_to_float
                0x0000000008001ed2       0x2a Core/Src/math_ops.o
                0x0000000008001ed2                uint_to_float
 .text.MX_SPI3_Init
                0x0000000008001efc       0x48 Core/Src/spi.o
                0x0000000008001efc                MX_SPI3_Init
 .text.HAL_SPI_MspInit
                0x0000000008001f44       0x6c Core/Src/spi.o
                0x0000000008001f44                HAL_SPI_MspInit
 .text.HAL_MspInit
                0x0000000008001fb0       0x3c Core/Src/stm32f4xx_hal_msp.o
                0x0000000008001fb0                HAL_MspInit
 .text.NMI_Handler
                0x0000000008001fec        0x2 Core/Src/stm32f4xx_it.o
                0x0000000008001fec                NMI_Handler
 .text.HardFault_Handler
                0x0000000008001fee        0x2 Core/Src/stm32f4xx_it.o
                0x0000000008001fee                HardFault_Handler
 .text.MemManage_Handler
                0x0000000008001ff0        0x2 Core/Src/stm32f4xx_it.o
                0x0000000008001ff0                MemManage_Handler
 .text.BusFault_Handler
                0x0000000008001ff2        0x2 Core/Src/stm32f4xx_it.o
                0x0000000008001ff2                BusFault_Handler
 .text.UsageFault_Handler
                0x0000000008001ff4        0x2 Core/Src/stm32f4xx_it.o
                0x0000000008001ff4                UsageFault_Handler
 .text.SVC_Handler
                0x0000000008001ff6        0x2 Core/Src/stm32f4xx_it.o
                0x0000000008001ff6                SVC_Handler
 .text.DebugMon_Handler
                0x0000000008001ff8        0x2 Core/Src/stm32f4xx_it.o
                0x0000000008001ff8                DebugMon_Handler
 .text.PendSV_Handler
                0x0000000008001ffa        0x2 Core/Src/stm32f4xx_it.o
                0x0000000008001ffa                PendSV_Handler
 .text.SysTick_Handler
                0x0000000008001ffc        0x4 Core/Src/stm32f4xx_it.o
                0x0000000008001ffc                SysTick_Handler
 .text.TIM3_IRQHandler
                0x0000000008002000       0xa8 Core/Src/stm32f4xx_it.o
                0x0000000008002000                TIM3_IRQHandler
 .text.OTG_FS_IRQHandler
                0x00000000080020a8        0xc Core/Src/stm32f4xx_it.o
                0x00000000080020a8                OTG_FS_IRQHandler
 .text._getpid  0x00000000080020b4        0x4 Core/Src/syscalls.o
                0x00000000080020b4                _getpid
 .text._kill    0x00000000080020b8       0x10 Core/Src/syscalls.o
                0x00000000080020b8                _kill
 .text._exit    0x00000000080020c8        0xc Core/Src/syscalls.o
                0x00000000080020c8                _exit
 .text._read    0x00000000080020d4       0x1a Core/Src/syscalls.o
                0x00000000080020d4                _read
 .text._write   0x00000000080020ee       0x1a Core/Src/syscalls.o
                0x00000000080020ee                _write
 .text._close   0x0000000008002108        0x6 Core/Src/syscalls.o
                0x0000000008002108                _close
 .text._fstat   0x000000000800210e        0xa Core/Src/syscalls.o
                0x000000000800210e                _fstat
 .text._isatty  0x0000000008002118        0x4 Core/Src/syscalls.o
                0x0000000008002118                _isatty
 .text._lseek   0x000000000800211c        0x4 Core/Src/syscalls.o
                0x000000000800211c                _lseek
 .text._sbrk    0x0000000008002120       0x40 Core/Src/sysmem.o
                0x0000000008002120                _sbrk
 .text.SystemInit
                0x0000000008002160       0x1c Core/Src/system_stm32f4xx.o
                0x0000000008002160                SystemInit
 .text.HAL_TIM_PWM_MspInit
                0x000000000800217c       0x44 Core/Src/tim.o
                0x000000000800217c                HAL_TIM_PWM_MspInit
 .text.HAL_TIM_MspPostInit
                0x00000000080021c0       0x58 Core/Src/tim.o
                0x00000000080021c0                HAL_TIM_MspPostInit
 .text.MX_TIM3_Init
                0x0000000008002218       0x84 Core/Src/tim.o
                0x0000000008002218                MX_TIM3_Init
 .text.MX_USART2_UART_Init
                0x000000000800229c       0x38 Core/Src/usart.o
                0x000000000800229c                MX_USART2_UART_Init
 .text.HAL_UART_MspInit
                0x00000000080022d4       0x6c Core/Src/usart.o
                0x00000000080022d4                HAL_UART_MspInit
 .text.__io_putchar
                0x0000000008002340       0x20 Core/Src/usart.o
                0x0000000008002340                __io_putchar
 .text.Reset_Handler
                0x0000000008002360       0x50 Core/Startup/startup_stm32f446retx.o
                0x0000000008002360                Reset_Handler
 .text.Default_Handler
                0x00000000080023b0        0x2 Core/Startup/startup_stm32f446retx.o
                0x00000000080023b0                RTC_Alarm_IRQHandler
                0x00000000080023b0                EXTI2_IRQHandler
                0x00000000080023b0                TIM8_CC_IRQHandler
                0x00000000080023b0                FMPI2C1_EV_IRQHandler
                0x00000000080023b0                SPI4_IRQHandler
                0x00000000080023b0                TIM1_CC_IRQHandler
                0x00000000080023b0                DMA2_Stream5_IRQHandler
                0x00000000080023b0                DMA1_Stream5_IRQHandler
                0x00000000080023b0                PVD_IRQHandler
                0x00000000080023b0                SDIO_IRQHandler
                0x00000000080023b0                TAMP_STAMP_IRQHandler
                0x00000000080023b0                CAN2_RX1_IRQHandler
                0x00000000080023b0                EXTI3_IRQHandler
                0x00000000080023b0                TIM8_TRG_COM_TIM14_IRQHandler
                0x00000000080023b0                TIM1_UP_TIM10_IRQHandler
                0x00000000080023b0                TIM8_UP_TIM13_IRQHandler
                0x00000000080023b0                I2C3_ER_IRQHandler
                0x00000000080023b0                EXTI0_IRQHandler
                0x00000000080023b0                I2C2_EV_IRQHandler
                0x00000000080023b0                DMA1_Stream2_IRQHandler
                0x00000000080023b0                CAN1_RX0_IRQHandler
                0x00000000080023b0                FPU_IRQHandler
                0x00000000080023b0                OTG_HS_WKUP_IRQHandler
                0x00000000080023b0                CAN2_SCE_IRQHandler
                0x00000000080023b0                DMA2_Stream2_IRQHandler
                0x00000000080023b0                SPI1_IRQHandler
                0x00000000080023b0                TIM6_DAC_IRQHandler
                0x00000000080023b0                TIM1_BRK_TIM9_IRQHandler
                0x00000000080023b0                DCMI_IRQHandler
                0x00000000080023b0                CAN2_RX0_IRQHandler
                0x00000000080023b0                DMA2_Stream3_IRQHandler
                0x00000000080023b0                SAI2_IRQHandler
                0x00000000080023b0                USART6_IRQHandler
                0x00000000080023b0                USART3_IRQHandler
                0x00000000080023b0                CAN1_RX1_IRQHandler
                0x00000000080023b0                UART5_IRQHandler
                0x00000000080023b0                DMA2_Stream0_IRQHandler
                0x00000000080023b0                TIM4_IRQHandler
                0x00000000080023b0                QUADSPI_IRQHandler
                0x00000000080023b0                I2C1_EV_IRQHandler
                0x00000000080023b0                DMA1_Stream6_IRQHandler
                0x00000000080023b0                DMA1_Stream1_IRQHandler
                0x00000000080023b0                UART4_IRQHandler
                0x00000000080023b0                RCC_IRQHandler
                0x00000000080023b0                TIM8_BRK_TIM12_IRQHandler
                0x00000000080023b0                Default_Handler
                0x00000000080023b0                CEC_IRQHandler
                0x00000000080023b0                EXTI15_10_IRQHandler
                0x00000000080023b0                ADC_IRQHandler
                0x00000000080023b0                DMA1_Stream7_IRQHandler
                0x00000000080023b0                TIM7_IRQHandler
                0x00000000080023b0                CAN2_TX_IRQHandler
                0x00000000080023b0                TIM5_IRQHandler
                0x00000000080023b0                DMA2_Stream7_IRQHandler
                0x00000000080023b0                I2C3_EV_IRQHandler
                0x00000000080023b0                EXTI9_5_IRQHandler
                0x00000000080023b0                RTC_WKUP_IRQHandler
                0x00000000080023b0                SPDIF_RX_IRQHandler
                0x00000000080023b0                SPI2_IRQHandler
                0x00000000080023b0                OTG_HS_EP1_IN_IRQHandler
                0x00000000080023b0                DMA1_Stream0_IRQHandler
                0x00000000080023b0                CAN1_TX_IRQHandler
                0x00000000080023b0                FMPI2C1_ER_IRQHandler
                0x00000000080023b0                EXTI4_IRQHandler
                0x00000000080023b0                OTG_HS_EP1_OUT_IRQHandler
                0x00000000080023b0                WWDG_IRQHandler
                0x00000000080023b0                TIM2_IRQHandler
                0x00000000080023b0                OTG_FS_WKUP_IRQHandler
                0x00000000080023b0                TIM1_TRG_COM_TIM11_IRQHandler
                0x00000000080023b0                OTG_HS_IRQHandler
                0x00000000080023b0                EXTI1_IRQHandler
                0x00000000080023b0                USART2_IRQHandler
                0x00000000080023b0                I2C2_ER_IRQHandler
                0x00000000080023b0                DMA2_Stream1_IRQHandler
                0x00000000080023b0                CAN1_SCE_IRQHandler
                0x00000000080023b0                FLASH_IRQHandler
                0x00000000080023b0                DMA2_Stream4_IRQHandler
                0x00000000080023b0                USART1_IRQHandler
                0x00000000080023b0                SPI3_IRQHandler
                0x00000000080023b0                DMA1_Stream4_IRQHandler
                0x00000000080023b0                I2C1_ER_IRQHandler
                0x00000000080023b0                FMC_IRQHandler
                0x00000000080023b0                DMA2_Stream6_IRQHandler
                0x00000000080023b0                SAI1_IRQHandler
                0x00000000080023b0                DMA1_Stream3_IRQHandler
 *fill*         0x00000000080023b2        0x2 
 .text.HAL_InitTick
                0x00000000080023b4       0x48 Drivers/STM32F4xx_HAL_Driver/Src/stm32f4xx_hal.o
                0x00000000080023b4                HAL_InitTick
 .text.HAL_Init
                0x00000000080023fc       0x34 Drivers/STM32F4xx_HAL_Driver/Src/stm32f4xx_hal.o
                0x00000000080023fc                HAL_Init
 .text.HAL_IncTick
                0x0000000008002430       0x18 Drivers/STM32F4xx_HAL_Driver/Src/stm32f4xx_hal.o
                0x0000000008002430                HAL_IncTick
 .text.HAL_GetTick
                0x0000000008002448        0xc Drivers/STM32F4xx_HAL_Driver/Src/stm32f4xx_hal.o
                0x0000000008002448                HAL_GetTick
 .text.HAL_Delay
                0x0000000008002454       0x28 Drivers/STM32F4xx_HAL_Driver/Src/stm32f4xx_hal.o
                0x0000000008002454                HAL_Delay
 .text.HAL_ADC_Init
                0x000000000800247c      0x14c Drivers/STM32F4xx_HAL_Driver/Src/stm32f4xx_hal_adc.o
                0x000000000800247c                HAL_ADC_Init
 .text.HAL_ADC_Start
                0x00000000080025c8      0x108 Drivers/STM32F4xx_HAL_Driver/Src/stm32f4xx_hal_adc.o
                0x00000000080025c8                HAL_ADC_Start
 .text.HAL_ADC_PollForConversion
                0x00000000080026d0       0xa6 Drivers/STM32F4xx_HAL_Driver/Src/stm32f4xx_hal_adc.o
                0x00000000080026d0                HAL_ADC_PollForConversion
 .text.HAL_ADC_GetValue
                0x0000000008002776        0x6 Drivers/STM32F4xx_HAL_Driver/Src/stm32f4xx_hal_adc.o
                0x0000000008002776                HAL_ADC_GetValue
 .text.HAL_ADC_ConfigChannel
                0x000000000800277c      0x138 Drivers/STM32F4xx_HAL_Driver/Src/stm32f4xx_hal_adc.o
                0x000000000800277c                HAL_ADC_ConfigChannel
 .text.HAL_ADCEx_MultiModeConfigChannel
                0x00000000080028b4       0x50 Drivers/STM32F4xx_HAL_Driver/Src/stm32f4xx_hal_adc_ex.o
                0x00000000080028b4                HAL_ADCEx_MultiModeConfigChannel
 .text.HAL_CAN_Init
                0x0000000008002904       0xf6 Drivers/STM32F4xx_HAL_Driver/Src/stm32f4xx_hal_can.o
                0x0000000008002904                HAL_CAN_Init
 *fill*         0x00000000080029fa        0x2 
 .text.HAL_CAN_ConfigFilter
                0x00000000080029fc      0x110 Drivers/STM32F4xx_HAL_Driver/Src/stm32f4xx_hal_can.o
                0x00000000080029fc                HAL_CAN_ConfigFilter
 .text.HAL_CAN_Start
                0x0000000008002b0c       0x5c Drivers/STM32F4xx_HAL_Driver/Src/stm32f4xx_hal_can.o
                0x0000000008002b0c                HAL_CAN_Start
 .text.HAL_CAN_AddTxMessage
                0x0000000008002b68       0xa0 Drivers/STM32F4xx_HAL_Driver/Src/stm32f4xx_hal_can.o
                0x0000000008002b68                HAL_CAN_AddTxMessage
 .text.HAL_CAN_GetRxMessage
                0x0000000008002c08       0xee Drivers/STM32F4xx_HAL_Driver/Src/stm32f4xx_hal_can.o
                0x0000000008002c08                HAL_CAN_GetRxMessage
 *fill*         0x0000000008002cf6        0x2 
 .text.HAL_NVIC_SetPriorityGrouping
                0x0000000008002cf8       0x24 Drivers/STM32F4xx_HAL_Driver/Src/stm32f4xx_hal_cortex.o
                0x0000000008002cf8                HAL_NVIC_SetPriorityGrouping
 .text.HAL_NVIC_SetPriority
                0x0000000008002d1c       0x64 Drivers/STM32F4xx_HAL_Driver/Src/stm32f4xx_hal_cortex.o
                0x0000000008002d1c                HAL_NVIC_SetPriority
 .text.HAL_NVIC_EnableIRQ
                0x0000000008002d80       0x1c Drivers/STM32F4xx_HAL_Driver/Src/stm32f4xx_hal_cortex.o
                0x0000000008002d80                HAL_NVIC_EnableIRQ
 .text.HAL_SYSTICK_Config
                0x0000000008002d9c       0x2c Drivers/STM32F4xx_HAL_Driver/Src/stm32f4xx_hal_cortex.o
                0x0000000008002d9c                HAL_SYSTICK_Config
 .text.HAL_GPIO_Init
                0x0000000008002dc8      0x1a8 Drivers/STM32F4xx_HAL_Driver/Src/stm32f4xx_hal_gpio.o
                0x0000000008002dc8                HAL_GPIO_Init
 .text.HAL_GPIO_WritePin
                0x0000000008002f70        0xa Drivers/STM32F4xx_HAL_Driver/Src/stm32f4xx_hal_gpio.o
                0x0000000008002f70                HAL_GPIO_WritePin
 .text.HAL_PCD_Init
                0x0000000008002f7a      0x116 Drivers/STM32F4xx_HAL_Driver/Src/stm32f4xx_hal_pcd.o
                0x0000000008002f7a                HAL_PCD_Init
 .text.HAL_PCD_Start
                0x0000000008003090       0x3e Drivers/STM32F4xx_HAL_Driver/Src/stm32f4xx_hal_pcd.o
                0x0000000008003090                HAL_PCD_Start
 *fill*         0x00000000080030ce        0x2 
 .text.HAL_PCD_IRQHandler
                0x00000000080030d0      0x59c Drivers/STM32F4xx_HAL_Driver/Src/stm32f4xx_hal_pcd.o
                0x00000000080030d0                HAL_PCD_IRQHandler
 .text.HAL_PCD_SetAddress
                0x000000000800366c       0x28 Drivers/STM32F4xx_HAL_Driver/Src/stm32f4xx_hal_pcd.o
                0x000000000800366c                HAL_PCD_SetAddress
 .text.HAL_PCD_EP_Open
                0x0000000008003694       0x70 Drivers/STM32F4xx_HAL_Driver/Src/stm32f4xx_hal_pcd.o
                0x0000000008003694                HAL_PCD_EP_Open
 .text.HAL_PCD_EP_Close
                0x0000000008003704       0x5e Drivers/STM32F4xx_HAL_Driver/Src/stm32f4xx_hal_pcd.o
                0x0000000008003704                HAL_PCD_EP_Close
 .text.HAL_PCD_EP_Receive
                0x0000000008003762       0x48 Drivers/STM32F4xx_HAL_Driver/Src/stm32f4xx_hal_pcd.o
                0x0000000008003762                HAL_PCD_EP_Receive
 .text.HAL_PCD_EP_GetRxCount
                0x00000000080037aa       0x10 Drivers/STM32F4xx_HAL_Driver/Src/stm32f4xx_hal_pcd.o
                0x00000000080037aa                HAL_PCD_EP_GetRxCount
 .text.HAL_PCD_EP_Transmit
                0x00000000080037ba       0x40 Drivers/STM32F4xx_HAL_Driver/Src/stm32f4xx_hal_pcd.o
                0x00000000080037ba                HAL_PCD_EP_Transmit
 .text.HAL_PCD_EP_SetStall
                0x00000000080037fa       0x70 Drivers/STM32F4xx_HAL_Driver/Src/stm32f4xx_hal_pcd.o
                0x00000000080037fa                HAL_PCD_EP_SetStall
 .text.HAL_PCD_EP_ClrStall
                0x000000000800386a       0x6c Drivers/STM32F4xx_HAL_Driver/Src/stm32f4xx_hal_pcd.o
                0x000000000800386a                HAL_PCD_EP_ClrStall
 .text.HAL_PCDEx_SetTxFiFo
                0x00000000080038d6       0x40 Drivers/STM32F4xx_HAL_Driver/Src/stm32f4xx_hal_pcd_ex.o
                0x00000000080038d6                HAL_PCDEx_SetTxFiFo
 .text.HAL_PCDEx_SetRxFiFo
                0x0000000008003916        0x8 Drivers/STM32F4xx_HAL_Driver/Src/stm32f4xx_hal_pcd_ex.o
                0x0000000008003916                HAL_PCDEx_SetRxFiFo
 .text.HAL_PCDEx_ActivateLPM
                0x000000000800391e       0x26 Drivers/STM32F4xx_HAL_Driver/Src/stm32f4xx_hal_pcd_ex.o
                0x000000000800391e                HAL_PCDEx_ActivateLPM
 .text.HAL_PWREx_EnableOverDrive
                0x0000000008003944       0x78 Drivers/STM32F4xx_HAL_Driver/Src/stm32f4xx_hal_pwr_ex.o
                0x0000000008003944                HAL_PWREx_EnableOverDrive
 .text.HAL_RCC_ClockConfig
                0x00000000080039bc      0x138 Drivers/STM32F4xx_HAL_Driver/Src/stm32f4xx_hal_rcc.o
                0x00000000080039bc                HAL_RCC_ClockConfig
 .text.HAL_RCC_GetHCLKFreq
                0x0000000008003af4        0xc Drivers/STM32F4xx_HAL_Driver/Src/stm32f4xx_hal_rcc.o
                0x0000000008003af4                HAL_RCC_GetHCLKFreq
 .text.HAL_RCC_GetPCLK1Freq
                0x0000000008003b00       0x20 Drivers/STM32F4xx_HAL_Driver/Src/stm32f4xx_hal_rcc.o
                0x0000000008003b00                HAL_RCC_GetPCLK1Freq
 .text.HAL_RCC_GetPCLK2Freq
                0x0000000008003b20       0x20 Drivers/STM32F4xx_HAL_Driver/Src/stm32f4xx_hal_rcc.o
                0x0000000008003b20                HAL_RCC_GetPCLK2Freq
 .text.HAL_RCCEx_PeriphCLKConfig
                0x0000000008003b40      0x418 Drivers/STM32F4xx_HAL_Driver/Src/stm32f4xx_hal_rcc_ex.o
                0x0000000008003b40                HAL_RCCEx_PeriphCLKConfig
 .text.HAL_RCC_GetSysClockFreq
                0x0000000008003f58       0x90 Drivers/STM32F4xx_HAL_Driver/Src/stm32f4xx_hal_rcc_ex.o
                0x0000000008003f58                HAL_RCC_GetSysClockFreq
 .text.HAL_RCC_OscConfig
                0x0000000008003fe8      0x38c Drivers/STM32F4xx_HAL_Driver/Src/stm32f4xx_hal_rcc_ex.o
                0x0000000008003fe8                HAL_RCC_OscConfig
 .text.SPI_WaitFlagStateUntilTimeout.constprop.0
                0x0000000008004374       0xa8 Drivers/STM32F4xx_HAL_Driver/Src/stm32f4xx_hal_spi.o
 .text.SPI_EndRxTxTransaction
                0x000000000800441c       0x58 Drivers/STM32F4xx_HAL_Driver/Src/stm32f4xx_hal_spi.o
 .text.HAL_SPI_Init
                0x0000000008004474       0xb8 Drivers/STM32F4xx_HAL_Driver/Src/stm32f4xx_hal_spi.o
                0x0000000008004474                HAL_SPI_Init
 .text.HAL_SPI_TransmitReceive
                0x000000000800452c      0x1de Drivers/STM32F4xx_HAL_Driver/Src/stm32f4xx_hal_spi.o
                0x000000000800452c                HAL_SPI_TransmitReceive
 *fill*         0x000000000800470a        0x2 
 .text.TIM_OC1_SetConfig
                0x000000000800470c       0x64 Drivers/STM32F4xx_HAL_Driver/Src/stm32f4xx_hal_tim.o
 .text.TIM_OC3_SetConfig
                0x0000000008004770       0x6c Drivers/STM32F4xx_HAL_Driver/Src/stm32f4xx_hal_tim.o
 .text.TIM_OC4_SetConfig
                0x00000000080047dc       0x4c Drivers/STM32F4xx_HAL_Driver/Src/stm32f4xx_hal_tim.o
 .text.HAL_TIM_Base_Start_IT
                0x0000000008004828       0x74 Drivers/STM32F4xx_HAL_Driver/Src/stm32f4xx_hal_tim.o
                0x0000000008004828                HAL_TIM_Base_Start_IT
 .text.HAL_TIM_PeriodElapsedCallback
                0x000000000800489c        0x2 Drivers/STM32F4xx_HAL_Driver/Src/stm32f4xx_hal_tim.o
                0x000000000800489c                HAL_TIM_PeriodElapsedCallback
 .text.HAL_TIM_OC_DelayElapsedCallback
                0x000000000800489e        0x2 Drivers/STM32F4xx_HAL_Driver/Src/stm32f4xx_hal_tim.o
                0x000000000800489e                HAL_TIM_OC_DelayElapsedCallback
 .text.HAL_TIM_IC_CaptureCallback
                0x00000000080048a0        0x2 Drivers/STM32F4xx_HAL_Driver/Src/stm32f4xx_hal_tim.o
                0x00000000080048a0                HAL_TIM_IC_CaptureCallback
 .text.HAL_TIM_PWM_PulseFinishedCallback
                0x00000000080048a2        0x2 Drivers/STM32F4xx_HAL_Driver/Src/stm32f4xx_hal_tim.o
                0x00000000080048a2                HAL_TIM_PWM_PulseFinishedCallback
 .text.HAL_TIM_TriggerCallback
                0x00000000080048a4        0x2 Drivers/STM32F4xx_HAL_Driver/Src/stm32f4xx_hal_tim.o
                0x00000000080048a4                HAL_TIM_TriggerCallback
 .text.HAL_TIM_IRQHandler
                0x00000000080048a6      0x144 Drivers/STM32F4xx_HAL_Driver/Src/stm32f4xx_hal_tim.o
                0x00000000080048a6                HAL_TIM_IRQHandler
 *fill*         0x00000000080049ea        0x2 
 .text.TIM_Base_SetConfig
                0x00000000080049ec       0xcc Drivers/STM32F4xx_HAL_Driver/Src/stm32f4xx_hal_tim.o
                0x00000000080049ec                TIM_Base_SetConfig
 .text.HAL_TIM_PWM_Init
                0x0000000008004ab8       0x58 Drivers/STM32F4xx_HAL_Driver/Src/stm32f4xx_hal_tim.o
                0x0000000008004ab8                HAL_TIM_PWM_Init
 .text.TIM_OC2_SetConfig
                0x0000000008004b10       0x6c Drivers/STM32F4xx_HAL_Driver/Src/stm32f4xx_hal_tim.o
                0x0000000008004b10                TIM_OC2_SetConfig
 .text.HAL_TIM_PWM_ConfigChannel
                0x0000000008004b7c       0xb6 Drivers/STM32F4xx_HAL_Driver/Src/stm32f4xx_hal_tim.o
                0x0000000008004b7c                HAL_TIM_PWM_ConfigChannel
 .text.TIM_CCxChannelCmd
                0x0000000008004c32       0x1c Drivers/STM32F4xx_HAL_Driver/Src/stm32f4xx_hal_tim.o
                0x0000000008004c32                TIM_CCxChannelCmd
 *fill*         0x0000000008004c4e        0x2 
 .text.HAL_TIM_OC_Start
                0x0000000008004c50       0xcc Drivers/STM32F4xx_HAL_Driver/Src/stm32f4xx_hal_tim.o
                0x0000000008004c50                HAL_TIM_OC_Start
 .text.HAL_TIM_PWM_Start
                0x0000000008004d1c        0x4 Drivers/STM32F4xx_HAL_Driver/Src/stm32f4xx_hal_tim.o
                0x0000000008004d1c                HAL_TIM_PWM_Start
 .text.HAL_TIMEx_MasterConfigSynchronization
                0x0000000008004d20       0x7c Drivers/STM32F4xx_HAL_Driver/Src/stm32f4xx_hal_tim_ex.o
                0x0000000008004d20                HAL_TIMEx_MasterConfigSynchronization
 .text.HAL_TIMEx_CommutCallback
                0x0000000008004d9c        0x2 Drivers/STM32F4xx_HAL_Driver/Src/stm32f4xx_hal_tim_ex.o
                0x0000000008004d9c                HAL_TIMEx_CommutCallback
 .text.HAL_TIMEx_BreakCallback
                0x0000000008004d9e        0x2 Drivers/STM32F4xx_HAL_Driver/Src/stm32f4xx_hal_tim_ex.o
                0x0000000008004d9e                HAL_TIMEx_BreakCallback
 .text.UART_SetConfig
                0x0000000008004da0       0xbc Drivers/STM32F4xx_HAL_Driver/Src/stm32f4xx_hal_uart.o
 .text.UART_WaitOnFlagUntilTimeout.constprop.0
                0x0000000008004e5c       0x50 Drivers/STM32F4xx_HAL_Driver/Src/stm32f4xx_hal_uart.o
 .text.HAL_UART_Init
                0x0000000008004eac       0x5c Drivers/STM32F4xx_HAL_Driver/Src/stm32f4xx_hal_uart.o
                0x0000000008004eac                HAL_UART_Init
 .text.HAL_UART_Transmit
                0x0000000008004f08       0xaa Drivers/STM32F4xx_HAL_Driver/Src/stm32f4xx_hal_uart.o
                0x0000000008004f08                HAL_UART_Transmit
 *fill*         0x0000000008004fb2        0x2 
 .text.USB_CoreReset
                0x0000000008004fb4       0x30 Drivers/STM32F4xx_HAL_Driver/Src/stm32f4xx_ll_usb.o
 .text.USB_CoreInit
                0x0000000008004fe4       0x80 Drivers/STM32F4xx_HAL_Driver/Src/stm32f4xx_ll_usb.o
                0x0000000008004fe4                USB_CoreInit
 .text.USB_SetTurnaroundTime
                0x0000000008005064       0xe0 Drivers/STM32F4xx_HAL_Driver/Src/stm32f4xx_ll_usb.o
                0x0000000008005064                USB_SetTurnaroundTime
 .text.USB_EnableGlobalInt
                0x0000000008005144        0xc Drivers/STM32F4xx_HAL_Driver/Src/stm32f4xx_ll_usb.o
                0x0000000008005144                USB_EnableGlobalInt
 .text.USB_DisableGlobalInt
                0x0000000008005150        0xc Drivers/STM32F4xx_HAL_Driver/Src/stm32f4xx_ll_usb.o
                0x0000000008005150                USB_DisableGlobalInt
 .text.USB_SetCurrentMode
                0x000000000800515c       0x2e Drivers/STM32F4xx_HAL_Driver/Src/stm32f4xx_ll_usb.o
                0x000000000800515c                USB_SetCurrentMode
 *fill*         0x000000000800518a        0x2 
 .text.USB_FlushTxFifo
                0x000000000800518c       0x24 Drivers/STM32F4xx_HAL_Driver/Src/stm32f4xx_ll_usb.o
                0x000000000800518c                USB_FlushTxFifo
 .text.USB_FlushRxFifo
                0x00000000080051b0       0x20 Drivers/STM32F4xx_HAL_Driver/Src/stm32f4xx_ll_usb.o
                0x00000000080051b0                USB_FlushRxFifo
 .text.USB_SetDevSpeed
                0x00000000080051d0        0xe Drivers/STM32F4xx_HAL_Driver/Src/stm32f4xx_ll_usb.o
                0x00000000080051d0                USB_SetDevSpeed
 *fill*         0x00000000080051de        0x2 
 .text.USB_DevInit
                0x00000000080051e0      0x16c Drivers/STM32F4xx_HAL_Driver/Src/stm32f4xx_ll_usb.o
                0x00000000080051e0                USB_DevInit
 .text.USB_GetDevSpeed
                0x000000000800534c       0x16 Drivers/STM32F4xx_HAL_Driver/Src/stm32f4xx_ll_usb.o
                0x000000000800534c                USB_GetDevSpeed
 .text.USB_ActivateEndpoint
                0x0000000008005362       0x7c Drivers/STM32F4xx_HAL_Driver/Src/stm32f4xx_ll_usb.o
                0x0000000008005362                USB_ActivateEndpoint
 *fill*         0x00000000080053de        0x2 
 .text.USB_DeactivateEndpoint
                0x00000000080053e0       0xac Drivers/STM32F4xx_HAL_Driver/Src/stm32f4xx_ll_usb.o
                0x00000000080053e0                USB_DeactivateEndpoint
 .text.USB_EP0StartXfer
                0x000000000800548c       0xf4 Drivers/STM32F4xx_HAL_Driver/Src/stm32f4xx_ll_usb.o
                0x000000000800548c                USB_EP0StartXfer
 .text.USB_WritePacket
                0x0000000008005580       0x26 Drivers/STM32F4xx_HAL_Driver/Src/stm32f4xx_ll_usb.o
                0x0000000008005580                USB_WritePacket
 *fill*         0x00000000080055a6        0x2 
 .text.USB_EPStartXfer
                0x00000000080055a8      0x1dc Drivers/STM32F4xx_HAL_Driver/Src/stm32f4xx_ll_usb.o
                0x00000000080055a8                USB_EPStartXfer
 .text.USB_ReadPacket
                0x0000000008005784       0x1c Drivers/STM32F4xx_HAL_Driver/Src/stm32f4xx_ll_usb.o
                0x0000000008005784                USB_ReadPacket
 .text.USB_EPSetStall
                0x00000000080057a0       0x56 Drivers/STM32F4xx_HAL_Driver/Src/stm32f4xx_ll_usb.o
                0x00000000080057a0                USB_EPSetStall
 .text.USB_EPClearStall
                0x00000000080057f6       0x52 Drivers/STM32F4xx_HAL_Driver/Src/stm32f4xx_ll_usb.o
                0x00000000080057f6                USB_EPClearStall
 .text.USB_SetDevAddress
                0x0000000008005848       0x20 Drivers/STM32F4xx_HAL_Driver/Src/stm32f4xx_ll_usb.o
                0x0000000008005848                USB_SetDevAddress
 .text.USB_DevConnect
                0x0000000008005868       0x1c Drivers/STM32F4xx_HAL_Driver/Src/stm32f4xx_ll_usb.o
                0x0000000008005868                USB_DevConnect
 .text.USB_DevDisconnect
                0x0000000008005884       0x1c Drivers/STM32F4xx_HAL_Driver/Src/stm32f4xx_ll_usb.o
                0x0000000008005884                USB_DevDisconnect
 .text.USB_ReadInterrupts
                0x00000000080058a0        0x8 Drivers/STM32F4xx_HAL_Driver/Src/stm32f4xx_ll_usb.o
                0x00000000080058a0                USB_ReadInterrupts
 .text.USB_ReadDevAllOutEpInterrupt
                0x00000000080058a8       0x10 Drivers/STM32F4xx_HAL_Driver/Src/stm32f4xx_ll_usb.o
                0x00000000080058a8                USB_ReadDevAllOutEpInterrupt
 .text.USB_ReadDevAllInEpInterrupt
                0x00000000080058b8       0x10 Drivers/STM32F4xx_HAL_Driver/Src/stm32f4xx_ll_usb.o
                0x00000000080058b8                USB_ReadDevAllInEpInterrupt
 .text.USB_ReadDevOutEPInterrupt
                0x00000000080058c8       0x12 Drivers/STM32F4xx_HAL_Driver/Src/stm32f4xx_ll_usb.o
                0x00000000080058c8                USB_ReadDevOutEPInterrupt
 .text.USB_ReadDevInEPInterrupt
                0x00000000080058da       0x24 Drivers/STM32F4xx_HAL_Driver/Src/stm32f4xx_ll_usb.o
                0x00000000080058da                USB_ReadDevInEPInterrupt
 .text.USB_GetMode
                0x00000000080058fe        0x8 Drivers/STM32F4xx_HAL_Driver/Src/stm32f4xx_ll_usb.o
                0x00000000080058fe                USB_GetMode
 .text.USB_ActivateSetup
                0x0000000008005906       0x20 Drivers/STM32F4xx_HAL_Driver/Src/stm32f4xx_ll_usb.o
                0x0000000008005906                USB_ActivateSetup
 *fill*         0x0000000008005926        0x2 
 .text.USB_EP0_OutStart
                0x0000000008005928       0x4c Drivers/STM32F4xx_HAL_Driver/Src/stm32f4xx_ll_usb.o
                0x0000000008005928                USB_EP0_OutStart
 .text.USBD_CDC_EP0_RxReady
                0x0000000008005974       0x2e Middlewares/ST/STM32_USB_Device_Library/Class/CDC/Src/usbd_cdc.o
 *fill*         0x00000000080059a2        0x2 
 .text.USBD_CDC_GetFSCfgDesc
                0x00000000080059a4        0xc Middlewares/ST/STM32_USB_Device_Library/Class/CDC/Src/usbd_cdc.o
 .text.USBD_CDC_GetHSCfgDesc
                0x00000000080059b0        0xc Middlewares/ST/STM32_USB_Device_Library/Class/CDC/Src/usbd_cdc.o
 .text.USBD_CDC_GetOtherSpeedCfgDesc
                0x00000000080059bc        0xc Middlewares/ST/STM32_USB_Device_Library/Class/CDC/Src/usbd_cdc.o
 .text.USBD_CDC_GetDeviceQualifierDescriptor
                0x00000000080059c8        0xc Middlewares/ST/STM32_USB_Device_Library/Class/CDC/Src/usbd_cdc.o
                0x00000000080059c8                USBD_CDC_GetDeviceQualifierDescriptor
 .text.USBD_CDC_DataOut
                0x00000000080059d4       0x2a Middlewares/ST/STM32_USB_Device_Library/Class/CDC/Src/usbd_cdc.o
 .text.USBD_CDC_DataIn
                0x00000000080059fe       0x60 Middlewares/ST/STM32_USB_Device_Library/Class/CDC/Src/usbd_cdc.o
 *fill*         0x0000000008005a5e        0x2 
 .text.USBD_CDC_Setup
                0x0000000008005a60       0xf8 Middlewares/ST/STM32_USB_Device_Library/Class/CDC/Src/usbd_cdc.o
 .text.USBD_CDC_DeInit
                0x0000000008005b58       0x42 Middlewares/ST/STM32_USB_Device_Library/Class/CDC/Src/usbd_cdc.o
 .text.USBD_CDC_Init
                0x0000000008005b9a       0xa6 Middlewares/ST/STM32_USB_Device_Library/Class/CDC/Src/usbd_cdc.o
 .text.USBD_CDC_RegisterInterface
                0x0000000008005c40        0xe Middlewares/ST/STM32_USB_Device_Library/Class/CDC/Src/usbd_cdc.o
                0x0000000008005c40                USBD_CDC_RegisterInterface
 .text.USBD_CDC_SetTxBuffer
                0x0000000008005c4e       0x16 Middlewares/ST/STM32_USB_Device_Library/Class/CDC/Src/usbd_cdc.o
                0x0000000008005c4e                USBD_CDC_SetTxBuffer
 .text.USBD_CDC_SetRxBuffer
                0x0000000008005c64       0x12 Middlewares/ST/STM32_USB_Device_Library/Class/CDC/Src/usbd_cdc.o
                0x0000000008005c64                USBD_CDC_SetRxBuffer
 .text.USBD_CDC_TransmitPacket
                0x0000000008005c76       0x30 Middlewares/ST/STM32_USB_Device_Library/Class/CDC/Src/usbd_cdc.o
                0x0000000008005c76                USBD_CDC_TransmitPacket
 .text.USBD_CDC_ReceivePacket
                0x0000000008005ca6       0x2e Middlewares/ST/STM32_USB_Device_Library/Class/CDC/Src/usbd_cdc.o
                0x0000000008005ca6                USBD_CDC_ReceivePacket
 .text.USBD_Init
                0x0000000008005cd4       0x26 Middlewares/ST/STM32_USB_Device_Library/Core/Src/usbd_core.o
                0x0000000008005cd4                USBD_Init
 .text.USBD_RegisterClass
                0x0000000008005cfa       0x2c Middlewares/ST/STM32_USB_Device_Library/Core/Src/usbd_core.o
                0x0000000008005cfa                USBD_RegisterClass
 .text.USBD_Start
                0x0000000008005d26        0x4 Middlewares/ST/STM32_USB_Device_Library/Core/Src/usbd_core.o
                0x0000000008005d26                USBD_Start
 .text.USBD_SetClassConfig
                0x0000000008005d2a        0xe Middlewares/ST/STM32_USB_Device_Library/Core/Src/usbd_core.o
                0x0000000008005d2a                USBD_SetClassConfig
 .text.USBD_ClrClassConfig
                0x0000000008005d38       0x10 Middlewares/ST/STM32_USB_Device_Library/Core/Src/usbd_core.o
                0x0000000008005d38                USBD_ClrClassConfig
 .text.USBD_LL_SetupStage
                0x0000000008005d48       0x60 Middlewares/ST/STM32_USB_Device_Library/Core/Src/usbd_core.o
                0x0000000008005d48                USBD_LL_SetupStage
 .text.USBD_LL_DataOutStage
                0x0000000008005da8       0x60 Middlewares/ST/STM32_USB_Device_Library/Core/Src/usbd_core.o
                0x0000000008005da8                USBD_LL_DataOutStage
 .text.USBD_LL_DataInStage
                0x0000000008005e08       0xa4 Middlewares/ST/STM32_USB_Device_Library/Core/Src/usbd_core.o
                0x0000000008005e08                USBD_LL_DataInStage
 .text.USBD_LL_Reset
                0x0000000008005eac       0x58 Middlewares/ST/STM32_USB_Device_Library/Core/Src/usbd_core.o
                0x0000000008005eac                USBD_LL_Reset
 .text.USBD_LL_SetSpeed
                0x0000000008005f04        0x6 Middlewares/ST/STM32_USB_Device_Library/Core/Src/usbd_core.o
                0x0000000008005f04                USBD_LL_SetSpeed
 .text.USBD_LL_Suspend
                0x0000000008005f0a       0x14 Middlewares/ST/STM32_USB_Device_Library/Core/Src/usbd_core.o
                0x0000000008005f0a                USBD_LL_Suspend
 .text.USBD_LL_Resume
                0x0000000008005f1e       0x16 Middlewares/ST/STM32_USB_Device_Library/Core/Src/usbd_core.o
                0x0000000008005f1e                USBD_LL_Resume
 .text.USBD_LL_SOF
                0x0000000008005f34       0x22 Middlewares/ST/STM32_USB_Device_Library/Core/Src/usbd_core.o
                0x0000000008005f34                USBD_LL_SOF
 .text.USBD_LL_IsoINIncomplete
                0x0000000008005f56       0x22 Middlewares/ST/STM32_USB_Device_Library/Core/Src/usbd_core.o
                0x0000000008005f56                USBD_LL_IsoINIncomplete
 .text.USBD_LL_IsoOUTIncomplete
                0x0000000008005f78       0x22 Middlewares/ST/STM32_USB_Device_Library/Core/Src/usbd_core.o
                0x0000000008005f78                USBD_LL_IsoOUTIncomplete
 .text.USBD_LL_DevConnected
                0x0000000008005f9a        0x4 Middlewares/ST/STM32_USB_Device_Library/Core/Src/usbd_core.o
                0x0000000008005f9a                USBD_LL_DevConnected
 .text.USBD_LL_DevDisconnected
                0x0000000008005f9e       0x18 Middlewares/ST/STM32_USB_Device_Library/Core/Src/usbd_core.o
                0x0000000008005f9e                USBD_LL_DevDisconnected
 .text.USBD_CtlError.constprop.0
                0x0000000008005fb6       0x16 Middlewares/ST/STM32_USB_Device_Library/Core/Src/usbd_ctlreq.o
 .text.USBD_StdDevReq
                0x0000000008005fcc      0x298 Middlewares/ST/STM32_USB_Device_Library/Core/Src/usbd_ctlreq.o
                0x0000000008005fcc                USBD_StdDevReq
 .text.USBD_StdItfReq
                0x0000000008006264       0x4c Middlewares/ST/STM32_USB_Device_Library/Core/Src/usbd_ctlreq.o
                0x0000000008006264                USBD_StdItfReq
 .text.USBD_StdEPReq
                0x00000000080062b0      0x11e Middlewares/ST/STM32_USB_Device_Library/Core/Src/usbd_ctlreq.o
                0x00000000080062b0                USBD_StdEPReq
 .text.USBD_ParseSetupRequest
                0x00000000080063ce       0x28 Middlewares/ST/STM32_USB_Device_Library/Core/Src/usbd_ctlreq.o
                0x00000000080063ce                USBD_ParseSetupRequest
 .text.USBD_CtlError
                0x00000000080063f6       0x16 Middlewares/ST/STM32_USB_Device_Library/Core/Src/usbd_ctlreq.o
                0x00000000080063f6                USBD_CtlError
 .text.USBD_GetString
                0x000000000800640c       0x38 Middlewares/ST/STM32_USB_Device_Library/Core/Src/usbd_ctlreq.o
                0x000000000800640c                USBD_GetString
 .text.USBD_CtlSendData
                0x0000000008006444       0x1a Middlewares/ST/STM32_USB_Device_Library/Core/Src/usbd_ioreq.o
                0x0000000008006444                USBD_CtlSendData
 .text.USBD_CtlContinueSendData
                0x000000000800645e       0x10 Middlewares/ST/STM32_USB_Device_Library/Core/Src/usbd_ioreq.o
                0x000000000800645e                USBD_CtlContinueSendData
 .text.USBD_CtlPrepareRx
                0x000000000800646e       0x1a Middlewares/ST/STM32_USB_Device_Library/Core/Src/usbd_ioreq.o
                0x000000000800646e                USBD_CtlPrepareRx
 .text.USBD_CtlContinueRx
                0x0000000008006488       0x10 Middlewares/ST/STM32_USB_Device_Library/Core/Src/usbd_ioreq.o
                0x0000000008006488                USBD_CtlContinueRx
 .text.USBD_CtlSendStatus
                0x0000000008006498       0x16 Middlewares/ST/STM32_USB_Device_Library/Core/Src/usbd_ioreq.o
                0x0000000008006498                USBD_CtlSendStatus
 .text.USBD_CtlReceiveStatus
                0x00000000080064ae       0x16 Middlewares/ST/STM32_USB_Device_Library/Core/Src/usbd_ioreq.o
                0x00000000080064ae                USBD_CtlReceiveStatus
 .text.MX_USB_DEVICE_Init
                0x00000000080064c4       0x50 USB_DEVICE/App/usb_device.o
                0x00000000080064c4                MX_USB_DEVICE_Init
 .text.CDC_DeInit_FS
                0x0000000008006514        0x4 USB_DEVICE/App/usbd_cdc_if.o
 .text.CDC_Control_FS
                0x0000000008006518        0x4 USB_DEVICE/App/usbd_cdc_if.o
 .text.CDC_TransmitCplt_FS
                0x000000000800651c        0x4 USB_DEVICE/App/usbd_cdc_if.o
 .text.CDC_Receive_FS
                0x0000000008006520       0x2c USB_DEVICE/App/usbd_cdc_if.o
 .text.CDC_Init_FS
                0x000000000800654c       0x28 USB_DEVICE/App/usbd_cdc_if.o
 .text.CDC_Transmit_FS
                0x0000000008006574       0x2c USB_DEVICE/App/usbd_cdc_if.o
                0x0000000008006574                CDC_Transmit_FS
 .text.USBD_FS_DeviceDescriptor
                0x00000000080065a0        0xc USB_DEVICE/App/usbd_desc.o
                0x00000000080065a0                USBD_FS_DeviceDescriptor
 .text.USBD_FS_LangIDStrDescriptor
                0x00000000080065ac        0xc USB_DEVICE/App/usbd_desc.o
                0x00000000080065ac                USBD_FS_LangIDStrDescriptor
 .text.USBD_FS_USR_BOSDescriptor
                0x00000000080065b8        0xc USB_DEVICE/App/usbd_desc.o
                0x00000000080065b8                USBD_FS_USR_BOSDescriptor
 .text.IntToUnicode
                0x00000000080065c4       0x2a USB_DEVICE/App/usbd_desc.o
 *fill*         0x00000000080065ee        0x2 
 .text.USBD_FS_SerialStrDescriptor
                0x00000000080065f0       0x40 USB_DEVICE/App/usbd_desc.o
                0x00000000080065f0                USBD_FS_SerialStrDescriptor
 .text.USBD_FS_ManufacturerStrDescriptor
                0x0000000008006630       0x1c USB_DEVICE/App/usbd_desc.o
                0x0000000008006630                USBD_FS_ManufacturerStrDescriptor
 .text.USBD_FS_ProductStrDescriptor
                0x000000000800664c       0x1c USB_DEVICE/App/usbd_desc.o
                0x000000000800664c                USBD_FS_ProductStrDescriptor
 .text.USBD_FS_ConfigStrDescriptor
                0x0000000008006668       0x1c USB_DEVICE/App/usbd_desc.o
                0x0000000008006668                USBD_FS_ConfigStrDescriptor
 .text.USBD_FS_InterfaceStrDescriptor
                0x0000000008006684       0x1c USB_DEVICE/App/usbd_desc.o
                0x0000000008006684                USBD_FS_InterfaceStrDescriptor
 .text.HAL_PCD_MspInit
                0x00000000080066a0       0x84 USB_DEVICE/Target/usbd_conf.o
                0x00000000080066a0                HAL_PCD_MspInit
 .text.HAL_PCD_SetupStageCallback
                0x0000000008006724        0xc USB_DEVICE/Target/usbd_conf.o
                0x0000000008006724                HAL_PCD_SetupStageCallback
 .text.HAL_PCD_DataOutStageCallback
                0x0000000008006730       0x12 USB_DEVICE/Target/usbd_conf.o
                0x0000000008006730                HAL_PCD_DataOutStageCallback
 .text.HAL_PCD_DataInStageCallback
                0x0000000008006742       0x10 USB_DEVICE/Target/usbd_conf.o
                0x0000000008006742                HAL_PCD_DataInStageCallback
 .text.HAL_PCD_SOFCallback
                0x0000000008006752        0x8 USB_DEVICE/Target/usbd_conf.o
                0x0000000008006752                HAL_PCD_SOFCallback
 .text.HAL_PCD_ResetCallback
                0x000000000800675a       0x26 USB_DEVICE/Target/usbd_conf.o
                0x000000000800675a                HAL_PCD_ResetCallback
 .text.HAL_PCD_SuspendCallback
                0x0000000008006780       0x30 USB_DEVICE/Target/usbd_conf.o
                0x0000000008006780                HAL_PCD_SuspendCallback
 .text.HAL_PCD_ResumeCallback
                0x00000000080067b0        0x8 USB_DEVICE/Target/usbd_conf.o
                0x00000000080067b0                HAL_PCD_ResumeCallback
 .text.HAL_PCD_ISOOUTIncompleteCallback
                0x00000000080067b8        0x8 USB_DEVICE/Target/usbd_conf.o
                0x00000000080067b8                HAL_PCD_ISOOUTIncompleteCallback
 .text.HAL_PCD_ISOINIncompleteCallback
                0x00000000080067c0        0x8 USB_DEVICE/Target/usbd_conf.o
                0x00000000080067c0                HAL_PCD_ISOINIncompleteCallback
 .text.HAL_PCD_ConnectCallback
                0x00000000080067c8        0x8 USB_DEVICE/Target/usbd_conf.o
                0x00000000080067c8                HAL_PCD_ConnectCallback
 .text.HAL_PCD_DisconnectCallback
                0x00000000080067d0        0x8 USB_DEVICE/Target/usbd_conf.o
                0x00000000080067d0                HAL_PCD_DisconnectCallback
 .text.USBD_LL_Init
                0x00000000080067d8       0x5c USB_DEVICE/Target/usbd_conf.o
                0x00000000080067d8                USBD_LL_Init
 .text.USBD_LL_Start
                0x0000000008006834       0x1c USB_DEVICE/Target/usbd_conf.o
                0x0000000008006834                USBD_LL_Start
 .text.USBD_LL_OpenEP
                0x0000000008006850       0x20 USB_DEVICE/Target/usbd_conf.o
                0x0000000008006850                USBD_LL_OpenEP
 .text.USBD_LL_CloseEP
                0x0000000008006870       0x1c USB_DEVICE/Target/usbd_conf.o
                0x0000000008006870                USBD_LL_CloseEP
 .text.USBD_LL_StallEP
                0x000000000800688c       0x1c USB_DEVICE/Target/usbd_conf.o
                0x000000000800688c                USBD_LL_StallEP
 .text.USBD_LL_ClearStallEP
                0x00000000080068a8       0x1c USB_DEVICE/Target/usbd_conf.o
                0x00000000080068a8                USBD_LL_ClearStallEP
 .text.USBD_LL_IsStallEP
                0x00000000080068c4       0x26 USB_DEVICE/Target/usbd_conf.o
                0x00000000080068c4                USBD_LL_IsStallEP
 *fill*         0x00000000080068ea        0x2 
 .text.USBD_LL_SetUSBAddress
                0x00000000080068ec       0x1c USB_DEVICE/Target/usbd_conf.o
                0x00000000080068ec                USBD_LL_SetUSBAddress
 .text.USBD_LL_Transmit
                0x0000000008006908       0x1c USB_DEVICE/Target/usbd_conf.o
                0x0000000008006908                USBD_LL_Transmit
 .text.USBD_LL_PrepareReceive
                0x0000000008006924       0x1c USB_DEVICE/Target/usbd_conf.o
                0x0000000008006924                USBD_LL_PrepareReceive
 .text.USBD_LL_GetRxDataSize
                0x0000000008006940        0x8 USB_DEVICE/Target/usbd_conf.o
                0x0000000008006940                USBD_LL_GetRxDataSize
 .text.HAL_PCDEx_LPM_Callback
                0x0000000008006948       0x64 USB_DEVICE/Target/usbd_conf.o
                0x0000000008006948                HAL_PCDEx_LPM_Callback
 .text.USBD_static_malloc
                0x00000000080069ac        0x8 USB_DEVICE/Target/usbd_conf.o
                0x00000000080069ac                USBD_static_malloc
 .text.USBD_static_free
                0x00000000080069b4        0x2 USB_DEVICE/Target/usbd_conf.o
                0x00000000080069b4                USBD_static_free
 *fill*         0x00000000080069b6        0x2 
 .text.__errno  0x00000000080069b8        0xc c:/st/stm32cubeide_1.5.0/stm32cubeide/plugins/com.st.stm32cube.ide.mcu.externaltools.gnu-tools-for-stm32.9-2020-q2-update.win32_1.5.0.202011040924/tools/bin/../lib/gcc/arm-none-eabi/9.3.1/../../../../arm-none-eabi/lib/thumb/v7e-m+fp/hard\libc_nano.a(lib_a-errno.o)
                0x00000000080069b8                __errno
 .text.__libc_init_array
                0x00000000080069c4       0x48 c:/st/stm32cubeide_1.5.0/stm32cubeide/plugins/com.st.stm32cube.ide.mcu.externaltools.gnu-tools-for-stm32.9-2020-q2-update.win32_1.5.0.202011040924/tools/bin/../lib/gcc/arm-none-eabi/9.3.1/../../../../arm-none-eabi/lib/thumb/v7e-m+fp/hard\libc_nano.a(lib_a-init.o)
                0x00000000080069c4                __libc_init_array
 .text.memcpy   0x0000000008006a0c       0x1c c:/st/stm32cubeide_1.5.0/stm32cubeide/plugins/com.st.stm32cube.ide.mcu.externaltools.gnu-tools-for-stm32.9-2020-q2-update.win32_1.5.0.202011040924/tools/bin/../lib/gcc/arm-none-eabi/9.3.1/../../../../arm-none-eabi/lib/thumb/v7e-m+fp/hard\libc_nano.a(lib_a-memcpy-stub.o)
                0x0000000008006a0c                memcpy
 .text.memset   0x0000000008006a28       0x10 c:/st/stm32cubeide_1.5.0/stm32cubeide/plugins/com.st.stm32cube.ide.mcu.externaltools.gnu-tools-for-stm32.9-2020-q2-update.win32_1.5.0.202011040924/tools/bin/../lib/gcc/arm-none-eabi/9.3.1/../../../../arm-none-eabi/lib/thumb/v7e-m+fp/hard\libc_nano.a(lib_a-memset.o)
                0x0000000008006a28                memset
 .text.__cvt    0x0000000008006a38       0xc4 c:/st/stm32cubeide_1.5.0/stm32cubeide/plugins/com.st.stm32cube.ide.mcu.externaltools.gnu-tools-for-stm32.9-2020-q2-update.win32_1.5.0.202011040924/tools/bin/../lib/gcc/arm-none-eabi/9.3.1/../../../../arm-none-eabi/lib/thumb/v7e-m+fp/hard\libc_nano.a(lib_a-nano-vfprintf_float.o)
                0x0000000008006a38                __cvt
 .text.__exponent
                0x0000000008006afc       0x7c c:/st/stm32cubeide_1.5.0/stm32cubeide/plugins/com.st.stm32cube.ide.mcu.externaltools.gnu-tools-for-stm32.9-2020-q2-update.win32_1.5.0.202011040924/tools/bin/../lib/gcc/arm-none-eabi/9.3.1/../../../../arm-none-eabi/lib/thumb/v7e-m+fp/hard\libc_nano.a(lib_a-nano-vfprintf_float.o)
                0x0000000008006afc                __exponent
 .text._printf_float
                0x0000000008006b78      0x46c c:/st/stm32cubeide_1.5.0/stm32cubeide/plugins/com.st.stm32cube.ide.mcu.externaltools.gnu-tools-for-stm32.9-2020-q2-update.win32_1.5.0.202011040924/tools/bin/../lib/gcc/arm-none-eabi/9.3.1/../../../../arm-none-eabi/lib/thumb/v7e-m+fp/hard\libc_nano.a(lib_a-nano-vfprintf_float.o)
                0x0000000008006b78                _printf_float
 .text._printf_common
                0x0000000008006fe4       0xda c:/st/stm32cubeide_1.5.0/stm32cubeide/plugins/com.st.stm32cube.ide.mcu.externaltools.gnu-tools-for-stm32.9-2020-q2-update.win32_1.5.0.202011040924/tools/bin/../lib/gcc/arm-none-eabi/9.3.1/../../../../arm-none-eabi/lib/thumb/v7e-m+fp/hard\libc_nano.a(lib_a-nano-vfprintf_i.o)
                0x0000000008006fe4                _printf_common
 *fill*         0x00000000080070be        0x2 
 .text._printf_i
                0x00000000080070c0      0x24c c:/st/stm32cubeide_1.5.0/stm32cubeide/plugins/com.st.stm32cube.ide.mcu.externaltools.gnu-tools-for-stm32.9-2020-q2-update.win32_1.5.0.202011040924/tools/bin/../lib/gcc/arm-none-eabi/9.3.1/../../../../arm-none-eabi/lib/thumb/v7e-m+fp/hard\libc_nano.a(lib_a-nano-vfprintf_i.o)
                0x00000000080070c0                _printf_i
 .text.printf   0x000000000800730c       0x30 c:/st/stm32cubeide_1.5.0/stm32cubeide/plugins/com.st.stm32cube.ide.mcu.externaltools.gnu-tools-for-stm32.9-2020-q2-update.win32_1.5.0.202011040924/tools/bin/../lib/gcc/arm-none-eabi/9.3.1/../../../../arm-none-eabi/lib/thumb/v7e-m+fp/hard\libc_nano.a(lib_a-printf.o)
                0x000000000800730c                iprintf
                0x000000000800730c                printf
 .text.quorem   0x000000000800733c      0x116 c:/st/stm32cubeide_1.5.0/stm32cubeide/plugins/com.st.stm32cube.ide.mcu.externaltools.gnu-tools-for-stm32.9-2020-q2-update.win32_1.5.0.202011040924/tools/bin/../lib/gcc/arm-none-eabi/9.3.1/../../../../arm-none-eabi/lib/thumb/v7e-m+fp/hard\libc_nano.a(lib_a-dtoa.o)
 *fill*         0x0000000008007452        0x6 
 .text._dtoa_r  0x0000000008007458      0xbd8 c:/st/stm32cubeide_1.5.0/stm32cubeide/plugins/com.st.stm32cube.ide.mcu.externaltools.gnu-tools-for-stm32.9-2020-q2-update.win32_1.5.0.202011040924/tools/bin/../lib/gcc/arm-none-eabi/9.3.1/../../../../arm-none-eabi/lib/thumb/v7e-m+fp/hard\libc_nano.a(lib_a-dtoa.o)
                0x0000000008007458                _dtoa_r
 .text.std      0x0000000008008030       0x48 c:/st/stm32cubeide_1.5.0/stm32cubeide/plugins/com.st.stm32cube.ide.mcu.externaltools.gnu-tools-for-stm32.9-2020-q2-update.win32_1.5.0.202011040924/tools/bin/../lib/gcc/arm-none-eabi/9.3.1/../../../../arm-none-eabi/lib/thumb/v7e-m+fp/hard\libc_nano.a(lib_a-findfp.o)
 .text._cleanup_r
                0x0000000008008078        0xc c:/st/stm32cubeide_1.5.0/stm32cubeide/plugins/com.st.stm32cube.ide.mcu.externaltools.gnu-tools-for-stm32.9-2020-q2-update.win32_1.5.0.202011040924/tools/bin/../lib/gcc/arm-none-eabi/9.3.1/../../../../arm-none-eabi/lib/thumb/v7e-m+fp/hard\libc_nano.a(lib_a-findfp.o)
                0x0000000008008078                _cleanup_r
 .text.__sfmoreglue
                0x0000000008008084       0x2c c:/st/stm32cubeide_1.5.0/stm32cubeide/plugins/com.st.stm32cube.ide.mcu.externaltools.gnu-tools-for-stm32.9-2020-q2-update.win32_1.5.0.202011040924/tools/bin/../lib/gcc/arm-none-eabi/9.3.1/../../../../arm-none-eabi/lib/thumb/v7e-m+fp/hard\libc_nano.a(lib_a-findfp.o)
                0x0000000008008084                __sfmoreglue
 .text.__sfp_lock_acquire
                0x00000000080080b0        0xc c:/st/stm32cubeide_1.5.0/stm32cubeide/plugins/com.st.stm32cube.ide.mcu.externaltools.gnu-tools-for-stm32.9-2020-q2-update.win32_1.5.0.202011040924/tools/bin/../lib/gcc/arm-none-eabi/9.3.1/../../../../arm-none-eabi/lib/thumb/v7e-m+fp/hard\libc_nano.a(lib_a-findfp.o)
                0x00000000080080b0                __sfp_lock_acquire
 .text.__sfp_lock_release
                0x00000000080080bc        0xc c:/st/stm32cubeide_1.5.0/stm32cubeide/plugins/com.st.stm32cube.ide.mcu.externaltools.gnu-tools-for-stm32.9-2020-q2-update.win32_1.5.0.202011040924/tools/bin/../lib/gcc/arm-none-eabi/9.3.1/../../../../arm-none-eabi/lib/thumb/v7e-m+fp/hard\libc_nano.a(lib_a-findfp.o)
                0x00000000080080bc                __sfp_lock_release
 .text.__sinit_lock_acquire
                0x00000000080080c8        0xc c:/st/stm32cubeide_1.5.0/stm32cubeide/plugins/com.st.stm32cube.ide.mcu.externaltools.gnu-tools-for-stm32.9-2020-q2-update.win32_1.5.0.202011040924/tools/bin/../lib/gcc/arm-none-eabi/9.3.1/../../../../arm-none-eabi/lib/thumb/v7e-m+fp/hard\libc_nano.a(lib_a-findfp.o)
                0x00000000080080c8                __sinit_lock_acquire
 .text.__sinit_lock_release
                0x00000000080080d4        0xc c:/st/stm32cubeide_1.5.0/stm32cubeide/plugins/com.st.stm32cube.ide.mcu.externaltools.gnu-tools-for-stm32.9-2020-q2-update.win32_1.5.0.202011040924/tools/bin/../lib/gcc/arm-none-eabi/9.3.1/../../../../arm-none-eabi/lib/thumb/v7e-m+fp/hard\libc_nano.a(lib_a-findfp.o)
                0x00000000080080d4                __sinit_lock_release
 .text.__sinit  0x00000000080080e0       0x70 c:/st/stm32cubeide_1.5.0/stm32cubeide/plugins/com.st.stm32cube.ide.mcu.externaltools.gnu-tools-for-stm32.9-2020-q2-update.win32_1.5.0.202011040924/tools/bin/../lib/gcc/arm-none-eabi/9.3.1/../../../../arm-none-eabi/lib/thumb/v7e-m+fp/hard\libc_nano.a(lib_a-findfp.o)
                0x00000000080080e0                __sinit
 .text.__sfp    0x0000000008008150       0x8c c:/st/stm32cubeide_1.5.0/stm32cubeide/plugins/com.st.stm32cube.ide.mcu.externaltools.gnu-tools-for-stm32.9-2020-q2-update.win32_1.5.0.202011040924/tools/bin/../lib/gcc/arm-none-eabi/9.3.1/../../../../arm-none-eabi/lib/thumb/v7e-m+fp/hard\libc_nano.a(lib_a-findfp.o)
                0x0000000008008150                __sfp
 .text._fwalk_reent
                0x00000000080081dc       0x3e c:/st/stm32cubeide_1.5.0/stm32cubeide/plugins/com.st.stm32cube.ide.mcu.externaltools.gnu-tools-for-stm32.9-2020-q2-update.win32_1.5.0.202011040924/tools/bin/../lib/gcc/arm-none-eabi/9.3.1/../../../../arm-none-eabi/lib/thumb/v7e-m+fp/hard\libc_nano.a(lib_a-fwalk.o)
                0x00000000080081dc                _fwalk_reent
 *fill*         0x000000000800821a        0x2 
 .text._localeconv_r
                0x000000000800821c        0x8 c:/st/stm32cubeide_1.5.0/stm32cubeide/plugins/com.st.stm32cube.ide.mcu.externaltools.gnu-tools-for-stm32.9-2020-q2-update.win32_1.5.0.202011040924/tools/bin/../lib/gcc/arm-none-eabi/9.3.1/../../../../arm-none-eabi/lib/thumb/v7e-m+fp/hard\libc_nano.a(lib_a-localeconv.o)
                0x000000000800821c                _localeconv_r
 .text.__retarget_lock_init_recursive
                0x0000000008008224        0x2 c:/st/stm32cubeide_1.5.0/stm32cubeide/plugins/com.st.stm32cube.ide.mcu.externaltools.gnu-tools-for-stm32.9-2020-q2-update.win32_1.5.0.202011040924/tools/bin/../lib/gcc/arm-none-eabi/9.3.1/../../../../arm-none-eabi/lib/thumb/v7e-m+fp/hard\libc_nano.a(lib_a-lock.o)
                0x0000000008008224                __retarget_lock_init_recursive
 .text.__retarget_lock_acquire_recursive
                0x0000000008008226        0x2 c:/st/stm32cubeide_1.5.0/stm32cubeide/plugins/com.st.stm32cube.ide.mcu.externaltools.gnu-tools-for-stm32.9-2020-q2-update.win32_1.5.0.202011040924/tools/bin/../lib/gcc/arm-none-eabi/9.3.1/../../../../arm-none-eabi/lib/thumb/v7e-m+fp/hard\libc_nano.a(lib_a-lock.o)
                0x0000000008008226                __retarget_lock_acquire_recursive
 .text.__retarget_lock_release_recursive
                0x0000000008008228        0x2 c:/st/stm32cubeide_1.5.0/stm32cubeide/plugins/com.st.stm32cube.ide.mcu.externaltools.gnu-tools-for-stm32.9-2020-q2-update.win32_1.5.0.202011040924/tools/bin/../lib/gcc/arm-none-eabi/9.3.1/../../../../arm-none-eabi/lib/thumb/v7e-m+fp/hard\libc_nano.a(lib_a-lock.o)
                0x0000000008008228                __retarget_lock_release_recursive
 *fill*         0x000000000800822a        0x2 
 .text.malloc   0x000000000800822c       0x10 c:/st/stm32cubeide_1.5.0/stm32cubeide/plugins/com.st.stm32cube.ide.mcu.externaltools.gnu-tools-for-stm32.9-2020-q2-update.win32_1.5.0.202011040924/tools/bin/../lib/gcc/arm-none-eabi/9.3.1/../../../../arm-none-eabi/lib/thumb/v7e-m+fp/hard\libc_nano.a(lib_a-malloc.o)
                0x000000000800822c                malloc
 .text._Balloc  0x000000000800823c       0x80 c:/st/stm32cubeide_1.5.0/stm32cubeide/plugins/com.st.stm32cube.ide.mcu.externaltools.gnu-tools-for-stm32.9-2020-q2-update.win32_1.5.0.202011040924/tools/bin/../lib/gcc/arm-none-eabi/9.3.1/../../../../arm-none-eabi/lib/thumb/v7e-m+fp/hard\libc_nano.a(lib_a-mprec.o)
                0x000000000800823c                _Balloc
 .text._Bfree   0x00000000080082bc       0x44 c:/st/stm32cubeide_1.5.0/stm32cubeide/plugins/com.st.stm32cube.ide.mcu.externaltools.gnu-tools-for-stm32.9-2020-q2-update.win32_1.5.0.202011040924/tools/bin/../lib/gcc/arm-none-eabi/9.3.1/../../../../arm-none-eabi/lib/thumb/v7e-m+fp/hard\libc_nano.a(lib_a-mprec.o)
                0x00000000080082bc                _Bfree
 .text.__multadd
                0x0000000008008300       0x94 c:/st/stm32cubeide_1.5.0/stm32cubeide/plugins/com.st.stm32cube.ide.mcu.externaltools.gnu-tools-for-stm32.9-2020-q2-update.win32_1.5.0.202011040924/tools/bin/../lib/gcc/arm-none-eabi/9.3.1/../../../../arm-none-eabi/lib/thumb/v7e-m+fp/hard\libc_nano.a(lib_a-mprec.o)
                0x0000000008008300                __multadd
 .text.__hi0bits
                0x0000000008008394       0x40 c:/st/stm32cubeide_1.5.0/stm32cubeide/plugins/com.st.stm32cube.ide.mcu.externaltools.gnu-tools-for-stm32.9-2020-q2-update.win32_1.5.0.202011040924/tools/bin/../lib/gcc/arm-none-eabi/9.3.1/../../../../arm-none-eabi/lib/thumb/v7e-m+fp/hard\libc_nano.a(lib_a-mprec.o)
                0x0000000008008394                __hi0bits
 .text.__lo0bits
                0x00000000080083d4       0x60 c:/st/stm32cubeide_1.5.0/stm32cubeide/plugins/com.st.stm32cube.ide.mcu.externaltools.gnu-tools-for-stm32.9-2020-q2-update.win32_1.5.0.202011040924/tools/bin/../lib/gcc/arm-none-eabi/9.3.1/../../../../arm-none-eabi/lib/thumb/v7e-m+fp/hard\libc_nano.a(lib_a-mprec.o)
                0x00000000080083d4                __lo0bits
 .text.__i2b    0x0000000008008434       0x2c c:/st/stm32cubeide_1.5.0/stm32cubeide/plugins/com.st.stm32cube.ide.mcu.externaltools.gnu-tools-for-stm32.9-2020-q2-update.win32_1.5.0.202011040924/tools/bin/../lib/gcc/arm-none-eabi/9.3.1/../../../../arm-none-eabi/lib/thumb/v7e-m+fp/hard\libc_nano.a(lib_a-mprec.o)
                0x0000000008008434                __i2b
 .text.__multiply
                0x0000000008008460      0x14c c:/st/stm32cubeide_1.5.0/stm32cubeide/plugins/com.st.stm32cube.ide.mcu.externaltools.gnu-tools-for-stm32.9-2020-q2-update.win32_1.5.0.202011040924/tools/bin/../lib/gcc/arm-none-eabi/9.3.1/../../../../arm-none-eabi/lib/thumb/v7e-m+fp/hard\libc_nano.a(lib_a-mprec.o)
                0x0000000008008460                __multiply
 .text.__pow5mult
                0x00000000080085ac       0xb4 c:/st/stm32cubeide_1.5.0/stm32cubeide/plugins/com.st.stm32cube.ide.mcu.externaltools.gnu-tools-for-stm32.9-2020-q2-update.win32_1.5.0.202011040924/tools/bin/../lib/gcc/arm-none-eabi/9.3.1/../../../../arm-none-eabi/lib/thumb/v7e-m+fp/hard\libc_nano.a(lib_a-mprec.o)
                0x00000000080085ac                __pow5mult
 .text.__lshift
                0x0000000008008660       0xd8 c:/st/stm32cubeide_1.5.0/stm32cubeide/plugins/com.st.stm32cube.ide.mcu.externaltools.gnu-tools-for-stm32.9-2020-q2-update.win32_1.5.0.202011040924/tools/bin/../lib/gcc/arm-none-eabi/9.3.1/../../../../arm-none-eabi/lib/thumb/v7e-m+fp/hard\libc_nano.a(lib_a-mprec.o)
                0x0000000008008660                __lshift
 .text.__mcmp   0x0000000008008738       0x38 c:/st/stm32cubeide_1.5.0/stm32cubeide/plugins/com.st.stm32cube.ide.mcu.externaltools.gnu-tools-for-stm32.9-2020-q2-update.win32_1.5.0.202011040924/tools/bin/../lib/gcc/arm-none-eabi/9.3.1/../../../../arm-none-eabi/lib/thumb/v7e-m+fp/hard\libc_nano.a(lib_a-mprec.o)
                0x0000000008008738                __mcmp
 .text.__mdiff  0x0000000008008770      0x110 c:/st/stm32cubeide_1.5.0/stm32cubeide/plugins/com.st.stm32cube.ide.mcu.externaltools.gnu-tools-for-stm32.9-2020-q2-update.win32_1.5.0.202011040924/tools/bin/../lib/gcc/arm-none-eabi/9.3.1/../../../../arm-none-eabi/lib/thumb/v7e-m+fp/hard\libc_nano.a(lib_a-mprec.o)
                0x0000000008008770                __mdiff
 .text.__d2b    0x0000000008008880       0xb8 c:/st/stm32cubeide_1.5.0/stm32cubeide/plugins/com.st.stm32cube.ide.mcu.externaltools.gnu-tools-for-stm32.9-2020-q2-update.win32_1.5.0.202011040924/tools/bin/../lib/gcc/arm-none-eabi/9.3.1/../../../../arm-none-eabi/lib/thumb/v7e-m+fp/hard\libc_nano.a(lib_a-mprec.o)
                0x0000000008008880                __d2b
 .text._calloc_r
                0x0000000008008938       0x1e c:/st/stm32cubeide_1.5.0/stm32cubeide/plugins/com.st.stm32cube.ide.mcu.externaltools.gnu-tools-for-stm32.9-2020-q2-update.win32_1.5.0.202011040924/tools/bin/../lib/gcc/arm-none-eabi/9.3.1/../../../../arm-none-eabi/lib/thumb/v7e-m+fp/hard\libc_nano.a(lib_a-nano-callocr.o)
                0x0000000008008938                _calloc_r
 *fill*         0x0000000008008956        0x2 
 .text._free_r  0x0000000008008958       0xa0 c:/st/stm32cubeide_1.5.0/stm32cubeide/plugins/com.st.stm32cube.ide.mcu.externaltools.gnu-tools-for-stm32.9-2020-q2-update.win32_1.5.0.202011040924/tools/bin/../lib/gcc/arm-none-eabi/9.3.1/../../../../arm-none-eabi/lib/thumb/v7e-m+fp/hard\libc_nano.a(lib_a-nano-freer.o)
                0x0000000008008958                _free_r
 .text._malloc_r
                0x00000000080089f8       0xb4 c:/st/stm32cubeide_1.5.0/stm32cubeide/plugins/com.st.stm32cube.ide.mcu.externaltools.gnu-tools-for-stm32.9-2020-q2-update.win32_1.5.0.202011040924/tools/bin/../lib/gcc/arm-none-eabi/9.3.1/../../../../arm-none-eabi/lib/thumb/v7e-m+fp/hard\libc_nano.a(lib_a-nano-mallocr.o)
                0x00000000080089f8                _malloc_r
 .text.__sfputc_r
                0x0000000008008aac       0x2e c:/st/stm32cubeide_1.5.0/stm32cubeide/plugins/com.st.stm32cube.ide.mcu.externaltools.gnu-tools-for-stm32.9-2020-q2-update.win32_1.5.0.202011040924/tools/bin/../lib/gcc/arm-none-eabi/9.3.1/../../../../arm-none-eabi/lib/thumb/v7e-m+fp/hard\libc_nano.a(lib_a-nano-vfprintf.o)
 .text.__sfputs_r
                0x0000000008008ada       0x24 c:/st/stm32cubeide_1.5.0/stm32cubeide/plugins/com.st.stm32cube.ide.mcu.externaltools.gnu-tools-for-stm32.9-2020-q2-update.win32_1.5.0.202011040924/tools/bin/../lib/gcc/arm-none-eabi/9.3.1/../../../../arm-none-eabi/lib/thumb/v7e-m+fp/hard\libc_nano.a(lib_a-nano-vfprintf.o)
                0x0000000008008ada                __sfputs_r
 *fill*         0x0000000008008afe        0x2 
 .text._vfprintf_r
                0x0000000008008b00      0x260 c:/st/stm32cubeide_1.5.0/stm32cubeide/plugins/com.st.stm32cube.ide.mcu.externaltools.gnu-tools-for-stm32.9-2020-q2-update.win32_1.5.0.202011040924/tools/bin/../lib/gcc/arm-none-eabi/9.3.1/../../../../arm-none-eabi/lib/thumb/v7e-m+fp/hard\libc_nano.a(lib_a-nano-vfprintf.o)
                0x0000000008008b00                _vfprintf_r
                0x0000000008008b00                _vfiprintf_r
 .text._sbrk_r  0x0000000008008d60       0x20 c:/st/stm32cubeide_1.5.0/stm32cubeide/plugins/com.st.stm32cube.ide.mcu.externaltools.gnu-tools-for-stm32.9-2020-q2-update.win32_1.5.0.202011040924/tools/bin/../lib/gcc/arm-none-eabi/9.3.1/../../../../arm-none-eabi/lib/thumb/v7e-m+fp/hard\libc_nano.a(lib_a-sbrkr.o)
                0x0000000008008d60                _sbrk_r
 .text.__sread  0x0000000008008d80       0x22 c:/st/stm32cubeide_1.5.0/stm32cubeide/plugins/com.st.stm32cube.ide.mcu.externaltools.gnu-tools-for-stm32.9-2020-q2-update.win32_1.5.0.202011040924/tools/bin/../lib/gcc/arm-none-eabi/9.3.1/../../../../arm-none-eabi/lib/thumb/v7e-m+fp/hard\libc_nano.a(lib_a-stdio.o)
                0x0000000008008d80                __sread
 .text.__swrite
                0x0000000008008da2       0x38 c:/st/stm32cubeide_1.5.0/stm32cubeide/plugins/com.st.stm32cube.ide.mcu.externaltools.gnu-tools-for-stm32.9-2020-q2-update.win32_1.5.0.202011040924/tools/bin/../lib/gcc/arm-none-eabi/9.3.1/../../../../arm-none-eabi/lib/thumb/v7e-m+fp/hard\libc_nano.a(lib_a-stdio.o)
                0x0000000008008da2                __swrite
 .text.__sseek  0x0000000008008dda       0x24 c:/st/stm32cubeide_1.5.0/stm32cubeide/plugins/com.st.stm32cube.ide.mcu.externaltools.gnu-tools-for-stm32.9-2020-q2-update.win32_1.5.0.202011040924/tools/bin/../lib/gcc/arm-none-eabi/9.3.1/../../../../arm-none-eabi/lib/thumb/v7e-m+fp/hard\libc_nano.a(lib_a-stdio.o)
                0x0000000008008dda                __sseek
 .text.__sclose
                0x0000000008008dfe        0x8 c:/st/stm32cubeide_1.5.0/stm32cubeide/plugins/com.st.stm32cube.ide.mcu.externaltools.gnu-tools-for-stm32.9-2020-q2-update.win32_1.5.0.202011040924/tools/bin/../lib/gcc/arm-none-eabi/9.3.1/../../../../arm-none-eabi/lib/thumb/v7e-m+fp/hard\libc_nano.a(lib_a-stdio.o)
                0x0000000008008dfe                __sclose
 *fill*         0x0000000008008e06        0x2 
 .text.__swbuf_r
                0x0000000008008e08       0xa4 c:/st/stm32cubeide_1.5.0/stm32cubeide/plugins/com.st.stm32cube.ide.mcu.externaltools.gnu-tools-for-stm32.9-2020-q2-update.win32_1.5.0.202011040924/tools/bin/../lib/gcc/arm-none-eabi/9.3.1/../../../../arm-none-eabi/lib/thumb/v7e-m+fp/hard\libc_nano.a(lib_a-wbuf.o)
                0x0000000008008e08                __swbuf_r
 .text._write_r
                0x0000000008008eac       0x24 c:/st/stm32cubeide_1.5.0/stm32cubeide/plugins/com.st.stm32cube.ide.mcu.externaltools.gnu-tools-for-stm32.9-2020-q2-update.win32_1.5.0.202011040924/tools/bin/../lib/gcc/arm-none-eabi/9.3.1/../../../../arm-none-eabi/lib/thumb/v7e-m+fp/hard\libc_nano.a(lib_a-writer.o)
                0x0000000008008eac                _write_r
 .text.__swsetup_r
                0x0000000008008ed0       0xdc c:/st/stm32cubeide_1.5.0/stm32cubeide/plugins/com.st.stm32cube.ide.mcu.externaltools.gnu-tools-for-stm32.9-2020-q2-update.win32_1.5.0.202011040924/tools/bin/../lib/gcc/arm-none-eabi/9.3.1/../../../../arm-none-eabi/lib/thumb/v7e-m+fp/hard\libc_nano.a(lib_a-wsetup.o)
                0x0000000008008ed0                __swsetup_r
 .text.__assert_func
                0x0000000008008fac       0x3c c:/st/stm32cubeide_1.5.0/stm32cubeide/plugins/com.st.stm32cube.ide.mcu.externaltools.gnu-tools-for-stm32.9-2020-q2-update.win32_1.5.0.202011040924/tools/bin/../lib/gcc/arm-none-eabi/9.3.1/../../../../arm-none-eabi/lib/thumb/v7e-m+fp/hard\libc_nano.a(lib_a-assert.o)
                0x0000000008008fac                __assert_func
 .text._close_r
                0x0000000008008fe8       0x20 c:/st/stm32cubeide_1.5.0/stm32cubeide/plugins/com.st.stm32cube.ide.mcu.externaltools.gnu-tools-for-stm32.9-2020-q2-update.win32_1.5.0.202011040924/tools/bin/../lib/gcc/arm-none-eabi/9.3.1/../../../../arm-none-eabi/lib/thumb/v7e-m+fp/hard\libc_nano.a(lib_a-closer.o)
                0x0000000008008fe8                _close_r
 .text.__sflush_r
                0x0000000008009008      0x10c c:/st/stm32cubeide_1.5.0/stm32cubeide/plugins/com.st.stm32cube.ide.mcu.externaltools.gnu-tools-for-stm32.9-2020-q2-update.win32_1.5.0.202011040924/tools/bin/../lib/gcc/arm-none-eabi/9.3.1/../../../../arm-none-eabi/lib/thumb/v7e-m+fp/hard\libc_nano.a(lib_a-fflush.o)
                0x0000000008009008                __sflush_r
 .text._fflush_r
                0x0000000008009114       0x78 c:/st/stm32cubeide_1.5.0/stm32cubeide/plugins/com.st.stm32cube.ide.mcu.externaltools.gnu-tools-for-stm32.9-2020-q2-update.win32_1.5.0.202011040924/tools/bin/../lib/gcc/arm-none-eabi/9.3.1/../../../../arm-none-eabi/lib/thumb/v7e-m+fp/hard\libc_nano.a(lib_a-fflush.o)
                0x0000000008009114                _fflush_r
 .text.fprintf  0x000000000800918c       0x24 c:/st/stm32cubeide_1.5.0/stm32cubeide/plugins/com.st.stm32cube.ide.mcu.externaltools.gnu-tools-for-stm32.9-2020-q2-update.win32_1.5.0.202011040924/tools/bin/../lib/gcc/arm-none-eabi/9.3.1/../../../../arm-none-eabi/lib/thumb/v7e-m+fp/hard\libc_nano.a(lib_a-fprintf.o)
                0x000000000800918c                fiprintf
                0x000000000800918c                fprintf
 .text._lseek_r
                0x00000000080091b0       0x24 c:/st/stm32cubeide_1.5.0/stm32cubeide/plugins/com.st.stm32cube.ide.mcu.externaltools.gnu-tools-for-stm32.9-2020-q2-update.win32_1.5.0.202011040924/tools/bin/../lib/gcc/arm-none-eabi/9.3.1/../../../../arm-none-eabi/lib/thumb/v7e-m+fp/hard\libc_nano.a(lib_a-lseekr.o)
                0x00000000080091b0                _lseek_r
 .text.__swhatbuf_r
                0x00000000080091d4       0x48 c:/st/stm32cubeide_1.5.0/stm32cubeide/plugins/com.st.stm32cube.ide.mcu.externaltools.gnu-tools-for-stm32.9-2020-q2-update.win32_1.5.0.202011040924/tools/bin/../lib/gcc/arm-none-eabi/9.3.1/../../../../arm-none-eabi/lib/thumb/v7e-m+fp/hard\libc_nano.a(lib_a-makebuf.o)
                0x00000000080091d4                __swhatbuf_r
 .text.__smakebuf_r
                0x000000000800921c       0x80 c:/st/stm32cubeide_1.5.0/stm32cubeide/plugins/com.st.stm32cube.ide.mcu.externaltools.gnu-tools-for-stm32.9-2020-q2-update.win32_1.5.0.202011040924/tools/bin/../lib/gcc/arm-none-eabi/9.3.1/../../../../arm-none-eabi/lib/thumb/v7e-m+fp/hard\libc_nano.a(lib_a-makebuf.o)
                0x000000000800921c                __smakebuf_r
 .text.__ascii_mbtowc
                0x000000000800929c       0x24 c:/st/stm32cubeide_1.5.0/stm32cubeide/plugins/com.st.stm32cube.ide.mcu.externaltools.gnu-tools-for-stm32.9-2020-q2-update.win32_1.5.0.202011040924/tools/bin/../lib/gcc/arm-none-eabi/9.3.1/../../../../arm-none-eabi/lib/thumb/v7e-m+fp/hard\libc_nano.a(lib_a-mbtowc_r.o)
                0x000000000800929c                __ascii_mbtowc
 .text.__malloc_lock
                0x00000000080092c0        0xc c:/st/stm32cubeide_1.5.0/stm32cubeide/plugins/com.st.stm32cube.ide.mcu.externaltools.gnu-tools-for-stm32.9-2020-q2-update.win32_1.5.0.202011040924/tools/bin/../lib/gcc/arm-none-eabi/9.3.1/../../../../arm-none-eabi/lib/thumb/v7e-m+fp/hard\libc_nano.a(lib_a-mlock.o)
                0x00000000080092c0                __malloc_lock
 .text.__malloc_unlock
                0x00000000080092cc        0xc c:/st/stm32cubeide_1.5.0/stm32cubeide/plugins/com.st.stm32cube.ide.mcu.externaltools.gnu-tools-for-stm32.9-2020-q2-update.win32_1.5.0.202011040924/tools/bin/../lib/gcc/arm-none-eabi/9.3.1/../../../../arm-none-eabi/lib/thumb/v7e-m+fp/hard\libc_nano.a(lib_a-mlock.o)
                0x00000000080092cc                __malloc_unlock
 .text._read_r  0x00000000080092d8       0x24 c:/st/stm32cubeide_1.5.0/stm32cubeide/plugins/com.st.stm32cube.ide.mcu.externaltools.gnu-tools-for-stm32.9-2020-q2-update.win32_1.5.0.202011040924/tools/bin/../lib/gcc/arm-none-eabi/9.3.1/../../../../arm-none-eabi/lib/thumb/v7e-m+fp/hard\libc_nano.a(lib_a-readr.o)
                0x00000000080092d8                _read_r
 .text.__ascii_wctomb
                0x00000000080092fc       0x1a c:/st/stm32cubeide_1.5.0/stm32cubeide/plugins/com.st.stm32cube.ide.mcu.externaltools.gnu-tools-for-stm32.9-2020-q2-update.win32_1.5.0.202011040924/tools/bin/../lib/gcc/arm-none-eabi/9.3.1/../../../../arm-none-eabi/lib/thumb/v7e-m+fp/hard\libc_nano.a(lib_a-wctomb_r.o)
                0x00000000080092fc                __ascii_wctomb
 .text.abort    0x0000000008009316        0xe c:/st/stm32cubeide_1.5.0/stm32cubeide/plugins/com.st.stm32cube.ide.mcu.externaltools.gnu-tools-for-stm32.9-2020-q2-update.win32_1.5.0.202011040924/tools/bin/../lib/gcc/arm-none-eabi/9.3.1/../../../../arm-none-eabi/lib/thumb/v7e-m+fp/hard\libc_nano.a(lib_a-abort.o)
                0x0000000008009316                abort
 .text._fstat_r
                0x0000000008009324       0x24 c:/st/stm32cubeide_1.5.0/stm32cubeide/plugins/com.st.stm32cube.ide.mcu.externaltools.gnu-tools-for-stm32.9-2020-q2-update.win32_1.5.0.202011040924/tools/bin/../lib/gcc/arm-none-eabi/9.3.1/../../../../arm-none-eabi/lib/thumb/v7e-m+fp/hard\libc_nano.a(lib_a-fstatr.o)
                0x0000000008009324                _fstat_r
 .text._isatty_r
                0x0000000008009348       0x20 c:/st/stm32cubeide_1.5.0/stm32cubeide/plugins/com.st.stm32cube.ide.mcu.externaltools.gnu-tools-for-stm32.9-2020-q2-update.win32_1.5.0.202011040924/tools/bin/../lib/gcc/arm-none-eabi/9.3.1/../../../../arm-none-eabi/lib/thumb/v7e-m+fp/hard\libc_nano.a(lib_a-isattyr.o)
                0x0000000008009348                _isatty_r
 .text._raise_r
                0x0000000008009368       0x50 c:/st/stm32cubeide_1.5.0/stm32cubeide/plugins/com.st.stm32cube.ide.mcu.externaltools.gnu-tools-for-stm32.9-2020-q2-update.win32_1.5.0.202011040924/tools/bin/../lib/gcc/arm-none-eabi/9.3.1/../../../../arm-none-eabi/lib/thumb/v7e-m+fp/hard\libc_nano.a(lib_a-signal.o)
                0x0000000008009368                _raise_r
 .text.raise    0x00000000080093b8       0x10 c:/st/stm32cubeide_1.5.0/stm32cubeide/plugins/com.st.stm32cube.ide.mcu.externaltools.gnu-tools-for-stm32.9-2020-q2-update.win32_1.5.0.202011040924/tools/bin/../lib/gcc/arm-none-eabi/9.3.1/../../../../arm-none-eabi/lib/thumb/v7e-m+fp/hard\libc_nano.a(lib_a-signal.o)
                0x00000000080093b8                raise
 .text._kill_r  0x00000000080093c8       0x24 c:/st/stm32cubeide_1.5.0/stm32cubeide/plugins/com.st.stm32cube.ide.mcu.externaltools.gnu-tools-for-stm32.9-2020-q2-update.win32_1.5.0.202011040924/tools/bin/../lib/gcc/arm-none-eabi/9.3.1/../../../../arm-none-eabi/lib/thumb/v7e-m+fp/hard\libc_nano.a(lib_a-signalr.o)
                0x00000000080093c8                _kill_r
 .text._getpid_r
                0x00000000080093ec        0x4 c:/st/stm32cubeide_1.5.0/stm32cubeide/plugins/com.st.stm32cube.ide.mcu.externaltools.gnu-tools-for-stm32.9-2020-q2-update.win32_1.5.0.202011040924/tools/bin/../lib/gcc/arm-none-eabi/9.3.1/../../../../arm-none-eabi/lib/thumb/v7e-m+fp/hard\libc_nano.a(lib_a-signalr.o)
                0x00000000080093ec                _getpid_r
 .text.fmaxf    0x00000000080093f0       0x36 c:/st/stm32cubeide_1.5.0/stm32cubeide/plugins/com.st.stm32cube.ide.mcu.externaltools.gnu-tools-for-stm32.9-2020-q2-update.win32_1.5.0.202011040924/tools/bin/../lib/gcc/arm-none-eabi/9.3.1/../../../../arm-none-eabi/lib/thumb/v7e-m+fp/hard\libm.a(lib_a-sf_fmax.o)
                0x00000000080093f0                fmaxf
 .text.fminf    0x0000000008009426       0x36 c:/st/stm32cubeide_1.5.0/stm32cubeide/plugins/com.st.stm32cube.ide.mcu.externaltools.gnu-tools-for-stm32.9-2020-q2-update.win32_1.5.0.202011040924/tools/bin/../lib/gcc/arm-none-eabi/9.3.1/../../../../arm-none-eabi/lib/thumb/v7e-m+fp/hard\libm.a(lib_a-sf_fmin.o)
                0x0000000008009426                fminf
 .text.__fpclassifyf
                0x000000000800945c       0x38 c:/st/stm32cubeide_1.5.0/stm32cubeide/plugins/com.st.stm32cube.ide.mcu.externaltools.gnu-tools-for-stm32.9-2020-q2-update.win32_1.5.0.202011040924/tools/bin/../lib/gcc/arm-none-eabi/9.3.1/../../../../arm-none-eabi/lib/thumb/v7e-m+fp/hard\libm.a(lib_a-sf_fpclassify.o)
                0x000000000800945c                __fpclassifyf
 .text.logf     0x0000000008009494       0x6c c:/st/stm32cubeide_1.5.0/stm32cubeide/plugins/com.st.stm32cube.ide.mcu.externaltools.gnu-tools-for-stm32.9-2020-q2-update.win32_1.5.0.202011040924/tools/bin/../lib/gcc/arm-none-eabi/9.3.1/../../../../arm-none-eabi/lib/thumb/v7e-m+fp/hard\libm.a(lib_a-wf_log.o)
                0x0000000008009494                logf
 .text.sqrtf    0x0000000008009500       0x4c c:/st/stm32cubeide_1.5.0/stm32cubeide/plugins/com.st.stm32cube.ide.mcu.externaltools.gnu-tools-for-stm32.9-2020-q2-update.win32_1.5.0.202011040924/tools/bin/../lib/gcc/arm-none-eabi/9.3.1/../../../../arm-none-eabi/lib/thumb/v7e-m+fp/hard\libm.a(lib_a-wf_sqrt.o)
                0x0000000008009500                sqrtf
 .text.__ieee754_logf